Component: ARM Compiler 5.06 update 5 (build 528) Tool: armlink [4d35e2]

==============================================================================

Section Cross References

    main.o(i.ADC_IRQHandler) refers to rtx_semaphore.o(i.osSemaphoreRelease) for osSemaphoreRelease
    main.o(i.ADC_IRQHandler) refers to main.o(.data) for AD_last
    main.o(i._Z10motorRightbi) refers to ssp_lpc17xx.o(.constdata) for Driver_SPI1
    main.o(i._Z12filterEnginePv) refers to rtx_semaphore.o(i.osSemaphoreAcquire) for osSemaphoreAcquire
    main.o(i._Z12filterEnginePv) refers to main.o(.data) for semaphoreAdcId
    main.o(i._Z13computeEnginePv) refers to rtx_semaphore.o(i.osSemaphoreAcquire) for osSemaphoreAcquire
    main.o(i._Z13computeEnginePv) refers to main.o(i._Z9motorLeftbi) for motorLeft(bool, int)
    main.o(i._Z13computeEnginePv) refers to main.o(i._Z10motorRightbi) for motorRight(bool, int)
    main.o(i._Z13computeEnginePv) refers to rtx_delay.o(i.osDelay) for osDelay
    main.o(i._Z13computeEnginePv) refers to main.o(.data) for semaphoreAdcId
    main.o(i._Z13ledInitializev) refers to gpio_lpc17xx.o(i.GPIO_SetDir) for GPIO_SetDir
    main.o(i._Z13ledInitializev) refers to gpio_lpc17xx.o(i.GPIO_PinWrite) for GPIO_PinWrite
    main.o(i._Z14ADC_Initializev) refers to pin_lpc17xx.o(i.PIN_Configure) for PIN_Configure
    main.o(i._Z14ADC_Initializev) refers to main.o(i._Z16__NVIC_EnableIRQ4IRQn) for __NVIC_EnableIRQ(IRQn)
    main.o(i._Z14ADC_Initializev) refers to main.o(.constdata) for ADC_PIN
    main.o(i._Z14spi1Initializev) refers to ssp_lpc17xx.o(.constdata) for Driver_SPI1
    main.o(i._Z14spi1Initializev) refers to main.o(i._Z12SPI_callbackj) for SPI_callback(unsigned)
    main.o(i._Z15heartBeatThreadPv) refers to gpio_lpc17xx.o(i.GPIO_PinWrite) for GPIO_PinWrite
    main.o(i._Z15heartBeatThreadPv) refers to rtx_delay.o(i.osDelay) for osDelay
    main.o(i._Z15uart0Initializev) refers to main.o(i._Z16__NVIC_EnableIRQ4IRQn) for __NVIC_EnableIRQ(IRQn)
    main.o(i._Z15uart0Initializev) refers to uart_lpc17xx.o(.constdata) for Driver_USART0
    main.o(i._Z15uart0Initializev) refers to main.o(i._Z14USART_callbackj) for USART_callback(unsigned)
    main.o(i._Z15uart1Initializev) refers to main.o(i._Z16__NVIC_EnableIRQ4IRQn) for __NVIC_EnableIRQ(IRQn)
    main.o(i._Z15uart1Initializev) refers to uart_lpc17xx.o(.constdata) for Driver_USART1
    main.o(i._Z15uart1Initializev) refers to main.o(i._Z14USART_callbackj) for USART_callback(unsigned)
    main.o(i._Z16ADC_Uninitializev) refers to pin_lpc17xx.o(i.PIN_Configure) for PIN_Configure
    main.o(i._Z16ADC_Uninitializev) refers to main.o(.constdata) for ADC_PIN
    main.o(i._Z17uart0UnInitializev) refers to uart_lpc17xx.o(.constdata) for Driver_USART0
    main.o(i._Z17uart1UnInitializev) refers to uart_lpc17xx.o(.constdata) for Driver_USART1
    main.o(i._Z5DebugPv) refers to itm_arm.o(i._Z8itmPrintPc) for itmPrint(char*)
    main.o(i._Z5DebugPv) refers to itm_arm.o(i._Z13itmPrintlnInti) for itmPrintlnInt(int)
    main.o(i._Z5DebugPv) refers to rtx_delay.o(i.osDelay) for osDelay
    main.o(i._Z5DebugPv) refers to main.o(.data) for AD_done
    main.o(i._Z9motorLeftbi) refers to ssp_lpc17xx.o(.constdata) for Driver_SPI1
    main.o(i.__sti___8_Main_cpp_edb29ea9) refers to main.o(.bss) for ringBuffer
    main.o(i.main) refers to system_lpc17xx.o(i.SystemCoreClockUpdate) for SystemCoreClockUpdate
    main.o(i.main) refers to rtx_kernel.o(i.osKernelInitialize) for osKernelInitialize
    main.o(i.main) refers to main.o(i._Z15uart0Initializev) for uart0Initialize()
    main.o(i.main) refers to main.o(i._Z13ledInitializev) for ledInitialize()
    main.o(i.main) refers to main.o(i._Z14spi1Initializev) for spi1Initialize()
    main.o(i.main) refers to main.o(i._Z14ADC_Initializev) for ADC_Initialize()
    main.o(i.main) refers to rtx_semaphore.o(i.osSemaphoreNew) for osSemaphoreNew
    main.o(i.main) refers to rtx_thread.o(i.osThreadNew) for osThreadNew
    main.o(i.main) refers to rtx_kernel.o(i.osKernelStart) for osKernelStart
    main.o(i.main) refers to system_lpc17xx.o(.data) for SystemCoreClock
    main.o(i.main) refers to uart_lpc17xx.o(.constdata) for Driver_USART0
    main.o(i.main) refers to main.o(.bss) for semaphoreAdcAttr
    main.o(i.main) refers to main.o(.data) for semaphoreAdcId
    main.o(i.main) refers to main.o(i._Z15heartBeatThreadPv) for heartBeatThread(void*)
    main.o(i.main) refers to main.o(i._Z12filterEnginePv) for filterEngine(void*)
    main.o(i.main) refers to main.o(i._Z13computeEnginePv) for computeEngine(void*)
    main.o(i.main) refers to main.o(i._Z5DebugPv) for Debug(void*)
    main.o(.ARM.exidx) refers to main.o(i.ADC_IRQHandler) for i.ADC_IRQHandler
    main.o(.ARM.exidx) refers to main.o(i._Z14USART_callbackj) for i._Z14USART_callbackj
    main.o(.ARM.exidx) refers to main.o(i._Z12SPI_callbackj) for i._Z12SPI_callbackj
    main.o(.ARM.exidx) refers to main.o(i._Z15uart0Initializev) for i._Z15uart0Initializev
[...]
    _printf_d                                0x00000161   Thumb Code     0  _printf_d.o(.ARM.Collect$$_printf_percent$$00000009)
    _printf_percent                          0x00000161   Thumb Code     0  _printf_percent.o(.ARM.Collect$$_printf_percent$$00000000)
    _printf_percent_end                      0x00000167   Thumb Code     0  _printf_percent_end.o(.ARM.Collect$$_printf_percent$$00000017)
    __rt_lib_init                            0x0000016b   Thumb Code     0  libinit.o(.ARM.Collect$$libinit$$00000000)
    __rt_lib_init_alloca_1                   0x0000016d   Thumb Code     0  libinit2.o(.ARM.Collect$$libinit$$0000002E)
    __rt_lib_init_argv_1                     0x0000016d   Thumb Code     0  libinit2.o(.ARM.Collect$$libinit$$0000002C)
    __rt_lib_init_atexit_1                   0x0000016d   Thumb Code     0  libinit2.o(.ARM.Collect$$libinit$$0000001B)
    __rt_lib_init_clock_1                    0x0000016d   Thumb Code     0  libinit2.o(.ARM.Collect$$libinit$$00000021)
    __rt_lib_init_cpp_2                      0x0000016d   Thumb Code     0  libinit2.o(.ARM.Collect$$libinit$$00000031)
    __rt_lib_init_exceptions_1               0x0000016d   Thumb Code     0  libinit2.o(.ARM.Collect$$libinit$$00000030)
    __rt_lib_init_fp_1                       0x0000016d   Thumb Code     0  libinit2.o(.ARM.Collect$$libinit$$00000002)
    __rt_lib_init_fp_trap_1                  0x0000016d   Thumb Code     0  libinit2.o(.ARM.Collect$$libinit$$0000001F)
    __rt_lib_init_getenv_1                   0x0000016d   Thumb Code     0  libinit2.o(.ARM.Collect$$libinit$$00000023)
    __rt_lib_init_heap_1                     0x0000016d   Thumb Code     0  libinit2.o(.ARM.Collect$$libinit$$0000000A)
    __rt_lib_init_lc_collate_1               0x0000016d   Thumb Code     0  libinit2.o(.ARM.Collect$$libinit$$00000011)
    __rt_lib_init_lc_ctype_1                 0x0000016d   Thumb Code     0  libinit2.o(.ARM.Collect$$libinit$$00000013)
    __rt_lib_init_lc_monetary_1              0x0000016d   Thumb Code     0  libinit2.o(.ARM.Collect$$libinit$$00000015)
    __rt_lib_init_lc_numeric_1               0x0000016d   Thumb Code     0  libinit2.o(.ARM.Collect$$libinit$$00000017)
    __rt_lib_init_lc_time_1                  0x0000016d   Thumb Code     0  libinit2.o(.ARM.Collect$$libinit$$00000019)
    __rt_lib_init_preinit_1                  0x0000016d   Thumb Code     0  libinit2.o(.ARM.Collect$$libinit$$00000004)
    __rt_lib_init_rand_1                     0x0000016d   Thumb Code     0  libinit2.o(.ARM.Collect$$libinit$$0000000E)
    __rt_lib_init_signal_1                   0x0000016d   Thumb Code     0  libinit2.o(.ARM.Collect$$libinit$$0000001D)
    __rt_lib_init_stdio_1                    0x0000016d   Thumb Code     0  libinit2.o(.ARM.Collect$$libinit$$00000025)
    __rt_lib_init_user_alloc_1               0x0000016d   Thumb Code     0  libinit2.o(.ARM.Collect$$libinit$$0000000C)
    __rt_lib_init_cpp_1                      0x00000171   Thumb Code     0  libinit2.o(.ARM.Collect$$libinit$$00000032)
    __rt_lib_init_return                     0x00000171   Thumb Code     0  libinit2.o(.ARM.Collect$$libinit$$00000033)
    __rt_lib_shutdown                        0x00000173   Thumb Code     0  libshutdown.o(.ARM.Collect$$libshutdown$$00000000)
    __rt_lib_shutdown_cpp_1                  0x00000175   Thumb Code     0  libshutdown2.o(.ARM.Collect$$libshutdown$$00000002)
    __rt_lib_shutdown_fp_trap_1              0x00000175   Thumb Code     0  libshutdown2.o(.ARM.Collect$$libshutdown$$00000007)
    __rt_lib_shutdown_heap_1                 0x00000175   Thumb Code     0  libshutdown2.o(.ARM.Collect$$libshutdown$$0000000F)
    __rt_lib_shutdown_return                 0x00000175   Thumb Code     0  libshutdown2.o(.ARM.Collect$$libshutdown$$00000010)
    __rt_lib_shutdown_signal_1               0x00000175   Thumb Code     0  libshutdown2.o(.ARM.Collect$$libshutdown$$0000000A)
    __rt_lib_shutdown_stdio_1                0x00000175   Thumb Code     0  libshutdown2.o(.ARM.Collect$$libshutdown$$00000004)
    __rt_lib_shutdown_user_alloc_1           0x00000175   Thumb Code     0  libshutdown2.o(.ARM.Collect$$libshutdown$$0000000C)
    __rt_entry                               0x00000177   Thumb Code     0  __rtentry.o(.ARM.Collect$$rtentry$$00000000)
    __rt_entry_presh_1                       0x00000177   Thumb Code     0  __rtentry2.o(.ARM.Collect$$rtentry$$00000002)
    __rt_entry_sh                            0x00000177   Thumb Code     0  __rtentry4.o(.ARM.Collect$$rtentry$$00000004)
    __rt_entry_postsh_1                      0x0000017d   Thumb Code     0  __rtentry2.o(.ARM.Collect$$rtentry$$00000008)
    __rt_entry_li                            0x00000185   Thumb Code     0  __rtentry2.o(.ARM.Collect$$rtentry$$0000000A)
    __rt_entry_main                          0x00000189   Thumb Code     0  __rtentry2.o(.ARM.Collect$$rtentry$$0000000D)
    __rt_entry_postli_1                      0x00000189   Thumb Code     0  __rtentry2.o(.ARM.Collect$$rtentry$$0000000C)
    __rt_exit                                0x00000191   Thumb Code     0  rtexit.o(.ARM.Collect$$rtexit$$00000000)
    __rt_exit_ls                             0x00000193   Thumb Code     0  rtexit2.o(.ARM.Collect$$rtexit$$00000003)
    __rt_exit_prels_1                        0x00000193   Thumb Code     0  rtexit2.o(.ARM.Collect$$rtexit$$00000002)
    __rt_exit_exit                           0x00000197   Thumb Code     0  rtexit2.o(.ARM.Collect$$rtexit$$00000004)
    __asm___13_rtx_mempool_c_7914b4c7__atomic_wr8 0x0000019d   Thumb Code    16  rtx_mempool.o(.emb_text)
    __asm___13_rtx_mempool_c_7914b4c7__atomic_set32 0x000001ad   Thumb Code    20  rtx_mempool.o(.emb_text)
    __asm___13_rtx_mempool_c_7914b4c7__atomic_clr32 0x000001c1   Thumb Code    22  rtx_mempool.o(.emb_text)
    __asm___13_rtx_mempool_c_7914b4c7__atomic_chk32_all 0x000001d7   Thumb Code    38  rtx_mempool.o(.emb_text)
    __asm___13_rtx_mempool_c_7914b4c7__atomic_chk32_any 0x000001fd   Thumb Code    34  rtx_mempool.o(.emb_text)
    __asm___13_rtx_mempool_c_7914b4c7__atomic_inc32 0x0000021f   Thumb Code    18  rtx_mempool.o(.emb_text)
    __asm___13_rtx_mempool_c_7914b4c7__atomic_inc32_lt 0x00000231   Thumb Code    30  rtx_mempool.o(.emb_text)
    __asm___13_rtx_mempool_c_7914b4c7__atomic_inc16_lt 0x0000024f   Thumb Code    30  rtx_mempool.o(.emb_text)
    __asm___13_rtx_mempool_c_7914b4c7__atomic_inc16_lim 0x0000026d   Thumb Code    26  rtx_mempool.o(.emb_text)
    __asm___13_rtx_mempool_c_7914b4c7__atomic_dec32_nz 0x00000287   Thumb Code    26  rtx_mempool.o(.emb_text)
    __asm___13_rtx_mempool_c_7914b4c7__atomic_dec16_nz 0x000002a1   Thumb Code    26  rtx_mempool.o(.emb_text)
    __asm___13_rtx_mempool_c_7914b4c7__atomic_link_get 0x000002bb   Thumb Code    26  rtx_mempool.o(.emb_text)
    __asm___13_rtx_mempool_c_7914b4c7__atomic_link_put 0x000002d5   Thumb Code    28  rtx_mempool.o(.emb_text)
    __use_two_region_memory                  0x000002f1   Thumb Code     2  heapauxi.o(.text)
    __rt_heap_escrow$2region                 0x000002f3   Thumb Code     2  heapauxi.o(.text)
    __rt_heap_expand$2region                 0x000002f5   Thumb Code     2  heapauxi.o(.text)
    __I$use$semihosting                      0x000002f7   Thumb Code     0  use_no_semi.o(.text)
    __use_no_semihosting_swi                 0x000002f7   Thumb Code     2  use_no_semi.o(.text)
    EvrRtxEventFlagsWaitTimeout              0x000002f9   Thumb Code     2  rtx_evr.o(i.EvrRtxEventFlagsWaitTimeout)
    __semihosting_library_function           0x000002f9   Thumb Code     0  indicate_semi.o(.text)
    EvrRtxKernelError                        0x000002fb   Thumb Code     2  rtx_evr.o(i.EvrRtxKernelError)
    __asm___14_rtx_msgqueue_c_ba128ae8__atomic_wr8 0x00000301   Thumb Code    16  rtx_msgqueue.o(.emb_text)
    __asm___14_rtx_msgqueue_c_ba128ae8__atomic_set32 0x00000311   Thumb Code    20  rtx_msgqueue.o(.emb_text)
    __asm___14_rtx_msgqueue_c_ba128ae8__atomic_clr32 0x00000325   Thumb Code    22  rtx_msgqueue.o(.emb_text)
    __asm___14_rtx_msgqueue_c_ba128ae8__atomic_chk32_all 0x0000033b   Thumb Code    38  rtx_msgqueue.o(.emb_text)
    __asm___14_rtx_msgqueue_c_ba128ae8__atomic_chk32_any 0x00000361   Thumb Code    34  rtx_msgqueue.o(.emb_text)
    __asm___14_rtx_msgqueue_c_ba128ae8__atomic_inc32 0x00000383   Thumb Code    18  rtx_msgqueue.o(.emb_text)
    __asm___14_rtx_msgqueue_c_ba128ae8__atomic_inc32_lt 0x00000395   Thumb Code    30  rtx_msgqueue.o(.emb_text)
    __asm___14_rtx_msgqueue_c_ba128ae8__atomic_inc16_lt 0x000003b3   Thumb Code    30  rtx_msgqueue.o(.emb_text)
    __asm___14_rtx_msgqueue_c_ba128ae8__atomic_inc16_lim 0x000003d1   Thumb Code    26  rtx_msgqueue.o(.emb_text)
    __asm___14_rtx_msgqueue_c_ba128ae8__atomic_dec32_nz 0x000003eb   Thumb Code    26  rtx_msgqueue.o(.emb_text)
    __asm___14_rtx_msgqueue_c_ba128ae8__atomic_dec16_nz 0x00000405   Thumb Code    26  rtx_msgqueue.o(.emb_text)
    __asm___14_rtx_msgqueue_c_ba128ae8__atomic_link_get 0x0000041f   Thumb Code    26  rtx_msgqueue.o(.emb_text)
    __asm___14_rtx_msgqueue_c_ba128ae8__atomic_link_put 0x00000439   Thumb Code    28  rtx_msgqueue.o(.emb_text)
    __asm___15_rtx_semaphore_c_c705bb47__atomic_wr8 0x00000455   Thumb Code    16  rtx_semaphore.o(.emb_text)
    __asm___15_rtx_semaphore_c_c705bb47__atomic_set32 0x00000465   Thumb Code    20  rtx_semaphore.o(.emb_text)
    __asm___15_rtx_semaphore_c_c705bb47__atomic_clr32 0x00000479   Thumb Code    22  rtx_semaphore.o(.emb_text)
    __asm___15_rtx_semaphore_c_c705bb47__atomic_chk32_all 0x0000048f   Thumb Code    38  rtx_semaphore.o(.emb_text)
    __asm___15_rtx_semaphore_c_c705bb47__atomic_chk32_any 0x000004b5   Thumb Code    34  rtx_semaphore.o(.emb_text)
    __asm___15_rtx_semaphore_c_c705bb47__atomic_inc32 0x000004d7   Thumb Code    18  rtx_semaphore.o(.emb_text)
    __asm___15_rtx_semaphore_c_c705bb47__atomic_inc32_lt 0x000004e9   Thumb Code    30  rtx_semaphore.o(.emb_text)
    __asm___15_rtx_semaphore_c_c705bb47__atomic_inc16_lt 0x00000507   Thumb Code    30  rtx_semaphore.o(.emb_text)
    __asm___15_rtx_semaphore_c_c705bb47__atomic_inc16_lim 0x00000525   Thumb Code    26  rtx_semaphore.o(.emb_text)
    __asm___15_rtx_semaphore_c_c705bb47__atomic_dec32_nz 0x0000053f   Thumb Code    26  rtx_semaphore.o(.emb_text)
    __asm___15_rtx_semaphore_c_c705bb47__atomic_dec16_nz 0x00000559   Thumb Code    26  rtx_semaphore.o(.emb_text)
    __asm___15_rtx_semaphore_c_c705bb47__atomic_link_get 0x00000573   Thumb Code    26  rtx_semaphore.o(.emb_text)
    __asm___15_rtx_semaphore_c_c705bb47__atomic_link_put 0x0000058d   Thumb Code    28  rtx_semaphore.o(.emb_text)
    __asm___12_rtx_system_c_024f2f18__atomic_wr8 0x000005a9   Thumb Code    16  rtx_system.o(.emb_text)
    __asm___12_rtx_system_c_024f2f18__atomic_set32 0x000005b9   Thumb Code    20  rtx_system.o(.emb_text)
    __asm___12_rtx_system_c_024f2f18__atomic_clr32 0x000005cd   Thumb Code    22  rtx_system.o(.emb_text)
    __asm___12_rtx_system_c_024f2f18__atomic_chk32_all 0x000005e3   Thumb Code    38  rtx_system.o(.emb_text)
    __asm___12_rtx_system_c_024f2f18__atomic_chk32_any 0x00000609   Thumb Code    34  rtx_system.o(.emb_text)
    __asm___12_rtx_system_c_024f2f18__atomic_inc32 0x0000062b   Thumb Code    18  rtx_system.o(.emb_text)
    __asm___12_rtx_system_c_024f2f18__atomic_inc32_lt 0x0000063d   Thumb Code    30  rtx_system.o(.emb_text)
    __asm___12_rtx_system_c_024f2f18__atomic_inc16_lt 0x0000065b   Thumb Code    30  rtx_system.o(.emb_text)
    __asm___12_rtx_system_c_024f2f18__atomic_inc16_lim 0x00000679   Thumb Code    26  rtx_system.o(.emb_text)
    __asm___12_rtx_system_c_024f2f18__atomic_dec32_nz 0x00000693   Thumb Code    26  rtx_system.o(.emb_text)
    __asm___12_rtx_system_c_024f2f18__atomic_dec16_nz 0x000006ad   Thumb Code    26  rtx_system.o(.emb_text)
    __asm___12_rtx_system_c_024f2f18__atomic_link_get 0x000006c7   Thumb Code    26  rtx_system.o(.emb_text)
    __asm___12_rtx_system_c_024f2f18__atomic_link_put 0x000006e1   Thumb Code    28  rtx_system.o(.emb_text)
    __asm___12_rtx_thread_c_add96be5__atomic_wr8 0x000006fd   Thumb Code    16  rtx_thread.o(.emb_text)
    __asm___12_rtx_thread_c_add96be5__atomic_set32 0x0000070d   Thumb Code    20  rtx_thread.o(.emb_text)
    __asm___12_rtx_thread_c_add96be5__atomic_clr32 0x00000721   Thumb Code    22  rtx_thread.o(.emb_text)
    __asm___12_rtx_thread_c_add96be5__atomic_chk32_all 0x00000737   Thumb Code    38  rtx_thread.o(.emb_text)
    __asm___12_rtx_thread_c_add96be5__atomic_chk32_any 0x0000075d   Thumb Code    34  rtx_thread.o(.emb_text)
    __asm___12_rtx_thread_c_add96be5__atomic_inc32 0x0000077f   Thumb Code    18  rtx_thread.o(.emb_text)
    __asm___12_rtx_thread_c_add96be5__atomic_inc32_lt 0x00000791   Thumb Code    30  rtx_thread.o(.emb_text)
    __asm___12_rtx_thread_c_add96be5__atomic_inc16_lt 0x000007af   Thumb Code    30  rtx_thread.o(.emb_text)
    __asm___12_rtx_thread_c_add96be5__atomic_inc16_lim 0x000007cd   Thumb Code    26  rtx_thread.o(.emb_text)
    __asm___12_rtx_thread_c_add96be5__atomic_dec32_nz 0x000007e7   Thumb Code    26  rtx_thread.o(.emb_text)
    __asm___12_rtx_thread_c_add96be5__atomic_dec16_nz 0x00000801   Thumb Code    26  rtx_thread.o(.emb_text)
    __asm___12_rtx_thread_c_add96be5__atomic_link_get 0x0000081b   Thumb Code    26  rtx_thread.o(.emb_text)
    __asm___12_rtx_thread_c_add96be5__atomic_link_put 0x00000835   Thumb Code    28  rtx_thread.o(.emb_text)
    SVC_Handler                              0x00000851   Thumb Code   108  irq_cm3.o(.text)
    PendSV_Handler                           0x000008bd   Thumb Code    16  irq_cm3.o(.text)
    SysTick_Handler                          0x000008cd   Thumb Code    16  irq_cm3.o(.text)
    Reset_Handler                            0x000008e5   Thumb Code     8  startup_lpc17xx.o(.text)
    NMI_Handler                              0x000008ed   Thumb Code     2  startup_lpc17xx.o(.text)
    HardFault_Handler                        0x000008ef   Thumb Code     2  startup_lpc17xx.o(.text)
    MemManage_Handler                        0x000008f1   Thumb Code     2  startup_lpc17xx.o(.text)
    BusFault_Handler                         0x000008f3   Thumb Code     2  startup_lpc17xx.o(.text)
    UsageFault_Handler                       0x000008f5   Thumb Code     2  startup_lpc17xx.o(.text)
    DebugMon_Handler                         0x000008f9   Thumb Code     2  startup_lpc17xx.o(.text)
    BOD_IRQHandler                           0x000008ff   Thumb Code     0  startup_lpc17xx.o(.text)
    CANActivity_IRQHandler                   0x000008ff   Thumb Code     0  startup_lpc17xx.o(.text)
    CAN_IRQHandler                           0x000008ff   Thumb Code     0  startup_lpc17xx.o(.text)
    EINT0_IRQHandler                         0x000008ff   Thumb Code     0  startup_lpc17xx.o(.text)
    EINT1_IRQHandler                         0x000008ff   Thumb Code     0  startup_lpc17xx.o(.text)
    EINT2_IRQHandler                         0x000008ff   Thumb Code     0  startup_lpc17xx.o(.text)
    EINT3_IRQHandler                         0x000008ff   Thumb Code     0  startup_lpc17xx.o(.text)
    ENET_IRQHandler                          0x000008ff   Thumb Code     0  startup_lpc17xx.o(.text)
    I2C0_IRQHandler                          0x000008ff   Thumb Code     0  startup_lpc17xx.o(.text)
    I2C2_IRQHandler                          0x000008ff   Thumb Code     0  startup_lpc17xx.o(.text)
    I2S_IRQHandler                           0x000008ff   Thumb Code     0  startup_lpc17xx.o(.text)
    MCPWM_IRQHandler                         0x000008ff   Thumb Code     0  startup_lpc17xx.o(.text)
    PLL0_IRQHandler                          0x000008ff   Thumb Code     0  startup_lpc17xx.o(.text)
    PLL1_IRQHandler                          0x000008ff   Thumb Code     0  startup_lpc17xx.o(.text)
    PWM1_IRQHandler                          0x000008ff   Thumb Code     0  startup_lpc17xx.o(.text)
    QEI_IRQHandler                           0x000008ff   Thumb Code     0  startup_lpc17xx.o(.text)
    RIT_IRQHandler                           0x000008ff   Thumb Code     0  startup_lpc17xx.o(.text)
    RTC_IRQHandler                           0x000008ff   Thumb Code     0  startup_lpc17xx.o(.text)
    SPI_IRQHandler                           0x000008ff   Thumb Code     0  startup_lpc17xx.o(.text)
    SSP0_IRQHandler                          0x000008ff   Thumb Code     0  startup_lpc17xx.o(.text)
    TIMER0_IRQHandler                        0x000008ff   Thumb Code     0  startup_lpc17xx.o(.text)
    TIMER1_IRQHandler                        0x000008ff   Thumb Code     0  startup_lpc17xx.o(.text)
    TIMER2_IRQHandler                        0x000008ff   Thumb Code     0  startup_lpc17xx.o(.text)
    TIMER3_IRQHandler                        0x000008ff   Thumb Code     0  startup_lpc17xx.o(.text)
    UART2_IRQHandler                         0x000008ff   Thumb Code     0  startup_lpc17xx.o(.text)
    UART3_IRQHandler                         0x000008ff   Thumb Code     0  startup_lpc17xx.o(.text)
    USBActivity_IRQHandler                   0x000008ff   Thumb Code     0  startup_lpc17xx.o(.text)
    USB_IRQHandler                           0x000008ff   Thumb Code     0  startup_lpc17xx.o(.text)
    WDT_IRQHandler                           0x000008ff   Thumb Code     0  startup_lpc17xx.o(.text)
    __user_initial_stackheap                 0x00000901   Thumb Code     0  startup_lpc17xx.o(.text)
    __aeabi_uldivmod                         0x00000925   Thumb Code     0  lludivv7m.o(.text)
    _ll_udiv                                 0x00000925   Thumb Code   238  lludivv7m.o(.text)
    __2sprintf                               0x00000a15   Thumb Code    34  noretval__2sprintf.o(.text)
    __printf                                 0x00000a3d   Thumb Code   104  __printf.o(.text)
    _printf_int_dec                          0x00000aa5   Thumb Code   104  _printf_dec.o(.text)
    __aeabi_memcpy                           0x00000b1d   Thumb Code     0  rt_memcpy_v6.o(.text)
    __rt_memcpy                              0x00000b1d   Thumb Code   138  rt_memcpy_v6.o(.text)
    _memcpy_lastbytes                        0x00000b83   Thumb Code     0  rt_memcpy_v6.o(.text)
    __aeabi_memclr                           0x00000ba7   Thumb Code     0  rt_memclr.o(.text)
    __rt_memclr                              0x00000ba7   Thumb Code    68  rt_memclr.o(.text)
    _memset                                  0x00000bab   Thumb Code     0  rt_memclr.o(.text)
    __aeabi_memclr4                          0x00000beb   Thumb Code     0  rt_memclr_w.o(.text)
    __aeabi_memclr8                          0x00000beb   Thumb Code     0  rt_memclr_w.o(.text)
    __rt_memclr_w                            0x00000beb   Thumb Code    78  rt_memclr_w.o(.text)
    _memset_w                                0x00000bef   Thumb Code     0  rt_memclr_w.o(.text)
    __cpp_initialize__aeabi_                 0x00000c39   Thumb Code    26  init_aeabi.o(.text)
    _printf_int_common                       0x00000c5d   Thumb Code   178  _printf_intcommon.o(.text)
    _printf_char_common                      0x00000d1b   Thumb Code    32  _printf_char_common.o(.text)
    _sputc                                   0x00000d41   Thumb Code    10  _sputc.o(.text)
    __aeabi_memcpy4                          0x00000d4b   Thumb Code     0  rt_memcpy_w.o(.text)
    __aeabi_memcpy8                          0x00000d4b   Thumb Code     0  rt_memcpy_w.o(.text)
    __rt_memcpy_w                            0x00000d4b   Thumb Code   100  rt_memcpy_w.o(.text)
    _memcpy_lastbytes_aligned                0x00000d93   Thumb Code     0  rt_memcpy_w.o(.text)
    __user_setup_stackheap                   0x00000daf   Thumb Code    74  sys_stackheap_outer.o(.text)
    exit                                     0x00000df9   Thumb Code    18  exit.o(.text)
    __user_libspace                          0x00000e0d   Thumb Code     8  libspace.o(.text)
    __user_perproc_libspace                  0x00000e0d   Thumb Code     0  libspace.o(.text)
    _sys_exit                                0x00000e15   Thumb Code     8  sys_exit.o(.text)
    ADC_IRQHandler                           0x00000e21   Thumb Code    60  main.o(i.ADC_IRQHandler)
    DMA_IRQHandler                           0x00000e95   Thumb Code   372  gpdma_lpc17xx.o(i.DMA_IRQHandler)
    EvrRtxKernelGetState                     0x00001015   Thumb Code     2  rtx_evr.o(i.EvrRtxKernelGetState)
    EvrRtxKernelInitialize                   0x00001017   Thumb Code     2  rtx_evr.o(i.EvrRtxKernelInitialize)
    EvrRtxKernelInitializeCompleted          0x00001019   Thumb Code     2  rtx_evr.o(i.EvrRtxKernelInitializeCompleted)
    EvrRtxKernelStart                        0x0000101b   Thumb Code     2  rtx_evr.o(i.EvrRtxKernelStart)
    EvrRtxKernelStarted                      0x0000101d   Thumb Code     2  rtx_evr.o(i.EvrRtxKernelStarted)
    EvrRtxMemoryAlloc                        0x0000101f   Thumb Code     2  rtx_evr.o(i.EvrRtxMemoryAlloc)
    EvrRtxMemoryBlockAlloc                   0x00001021   Thumb Code     2  rtx_evr.o(i.EvrRtxMemoryBlockAlloc)
    EvrRtxMemoryBlockFree                    0x00001023   Thumb Code     2  rtx_evr.o(i.EvrRtxMemoryBlockFree)
    EvrRtxMemoryBlockInit                    0x00001025   Thumb Code     2  rtx_evr.o(i.EvrRtxMemoryBlockInit)
    EvrRtxMemoryFree                         0x00001027   Thumb Code     2  rtx_evr.o(i.EvrRtxMemoryFree)
    EvrRtxMemoryInit                         0x00001029   Thumb Code     2  rtx_evr.o(i.EvrRtxMemoryInit)
    EvrRtxMemoryPoolAllocTimeout             0x0000102b   Thumb Code     2  rtx_evr.o(i.EvrRtxMemoryPoolAllocTimeout)
    EvrRtxMessageQueueCreated                0x0000102d   Thumb Code     2  rtx_evr.o(i.EvrRtxMessageQueueCreated)
    EvrRtxMessageQueueError                  0x0000102f   Thumb Code     2  rtx_evr.o(i.EvrRtxMessageQueueError)
    EvrRtxMessageQueueGet                    0x00001031   Thumb Code     2  rtx_evr.o(i.EvrRtxMessageQueueGet)
    EvrRtxMessageQueueGetPending             0x00001033   Thumb Code     2  rtx_evr.o(i.EvrRtxMessageQueueGetPending)
    EvrRtxMessageQueueGetTimeout             0x00001035   Thumb Code     2  rtx_evr.o(i.EvrRtxMessageQueueGetTimeout)
    EvrRtxMessageQueueInsertPending          0x00001037   Thumb Code     2  rtx_evr.o(i.EvrRtxMessageQueueInsertPending)
    EvrRtxMessageQueueInserted               0x00001039   Thumb Code     2  rtx_evr.o(i.EvrRtxMessageQueueInserted)
    EvrRtxMessageQueueNew                    0x0000103b   Thumb Code     2  rtx_evr.o(i.EvrRtxMessageQueueNew)
    EvrRtxMessageQueueNotInserted            0x0000103d   Thumb Code     2  rtx_evr.o(i.EvrRtxMessageQueueNotInserted)
    EvrRtxMessageQueueNotRetrieved           0x0000103f   Thumb Code     2  rtx_evr.o(i.EvrRtxMessageQueueNotRetrieved)
    EvrRtxMessageQueuePut                    0x00001041   Thumb Code     2  rtx_evr.o(i.EvrRtxMessageQueuePut)
    EvrRtxMessageQueuePutPending             0x00001043   Thumb Code     2  rtx_evr.o(i.EvrRtxMessageQueuePutPending)
    EvrRtxMessageQueuePutTimeout             0x00001045   Thumb Code     2  rtx_evr.o(i.EvrRtxMessageQueuePutTimeout)
    EvrRtxMessageQueueRetrieved              0x00001047   Thumb Code     2  rtx_evr.o(i.EvrRtxMessageQueueRetrieved)
    EvrRtxMutexAcquire                       0x00001049   Thumb Code     2  rtx_evr.o(i.EvrRtxMutexAcquire)
    EvrRtxMutexAcquirePending                0x0000104b   Thumb Code     2  rtx_evr.o(i.EvrRtxMutexAcquirePending)
    EvrRtxMutexAcquireTimeout                0x0000104d   Thumb Code     2  rtx_evr.o(i.EvrRtxMutexAcquireTimeout)
    EvrRtxMutexAcquired                      0x0000104f   Thumb Code     2  rtx_evr.o(i.EvrRtxMutexAcquired)
    EvrRtxMutexCreated                       0x00001051   Thumb Code     2  rtx_evr.o(i.EvrRtxMutexCreated)
    EvrRtxMutexDelete                        0x00001053   Thumb Code     2  rtx_evr.o(i.EvrRtxMutexDelete)
    EvrRtxMutexDestroyed                     0x00001055   Thumb Code     2  rtx_evr.o(i.EvrRtxMutexDestroyed)
    EvrRtxMutexError                         0x00001057   Thumb Code     2  rtx_evr.o(i.EvrRtxMutexError)
    EvrRtxMutexNew                           0x00001059   Thumb Code     2  rtx_evr.o(i.EvrRtxMutexNew)
    EvrRtxMutexNotAcquired                   0x0000105b   Thumb Code     2  rtx_evr.o(i.EvrRtxMutexNotAcquired)
    EvrRtxMutexRelease                       0x0000105d   Thumb Code     2  rtx_evr.o(i.EvrRtxMutexRelease)
    EvrRtxMutexReleased                      0x0000105f   Thumb Code     2  rtx_evr.o(i.EvrRtxMutexReleased)
    EvrRtxSemaphoreAcquire                   0x00001061   Thumb Code     2  rtx_evr.o(i.EvrRtxSemaphoreAcquire)
    EvrRtxSemaphoreAcquirePending            0x00001063   Thumb Code     2  rtx_evr.o(i.EvrRtxSemaphoreAcquirePending)
    EvrRtxSemaphoreAcquireTimeout            0x00001065   Thumb Code     2  rtx_evr.o(i.EvrRtxSemaphoreAcquireTimeout)
    EvrRtxSemaphoreAcquired                  0x00001067   Thumb Code     2  rtx_evr.o(i.EvrRtxSemaphoreAcquired)
    EvrRtxSemaphoreCreated                   0x00001069   Thumb Code     2  rtx_evr.o(i.EvrRtxSemaphoreCreated)
    EvrRtxSemaphoreError                     0x0000106b   Thumb Code     2  rtx_evr.o(i.EvrRtxSemaphoreError)
    EvrRtxSemaphoreNew                       0x0000106d   Thumb Code     2  rtx_evr.o(i.EvrRtxSemaphoreNew)
    EvrRtxSemaphoreNotAcquired               0x0000106f   Thumb Code     2  rtx_evr.o(i.EvrRtxSemaphoreNotAcquired)
    EvrRtxSemaphoreRelease                   0x00001071   Thumb Code     2  rtx_evr.o(i.EvrRtxSemaphoreRelease)
    EvrRtxSemaphoreReleased                  0x00001073   Thumb Code     2  rtx_evr.o(i.EvrRtxSemaphoreReleased)
    EvrRtxThreadBlocked                      0x00001075   Thumb Code     2  rtx_evr.o(i.EvrRtxThreadBlocked)
    EvrRtxThreadCreated                      0x00001077   Thumb Code     2  rtx_evr.o(i.EvrRtxThreadCreated)
    EvrRtxThreadDelay                        0x00001079   Thumb Code     2  rtx_evr.o(i.EvrRtxThreadDelay)
    EvrRtxThreadDelayCompleted               0x0000107b   Thumb Code     2  rtx_evr.o(i.EvrRtxThreadDelayCompleted)
    EvrRtxThreadDestroyed                    0x0000107d   Thumb Code     2  rtx_evr.o(i.EvrRtxThreadDestroyed)
    EvrRtxThreadError                        0x0000107f   Thumb Code     2  rtx_evr.o(i.EvrRtxThreadError)
    EvrRtxThreadExit                         0x00001081   Thumb Code     2  rtx_evr.o(i.EvrRtxThreadExit)
    EvrRtxThreadFlagsWaitCompleted           0x00001083   Thumb Code     2  rtx_evr.o(i.EvrRtxThreadFlagsWaitCompleted)
    EvrRtxThreadFlagsWaitTimeout             0x00001085   Thumb Code     2  rtx_evr.o(i.EvrRtxThreadFlagsWaitTimeout)
    EvrRtxThreadJoined                       0x00001087   Thumb Code     2  rtx_evr.o(i.EvrRtxThreadJoined)
    EvrRtxThreadNew                          0x00001089   Thumb Code     2  rtx_evr.o(i.EvrRtxThreadNew)
    EvrRtxThreadPreempted                    0x0000108b   Thumb Code     2  rtx_evr.o(i.EvrRtxThreadPreempted)
    EvrRtxThreadSwitched                     0x0000108d   Thumb Code     2  rtx_evr.o(i.EvrRtxThreadSwitched)
    EvrRtxThreadUnblocked                    0x0000108f   Thumb Code     2  rtx_evr.o(i.EvrRtxThreadUnblocked)
    EvrRtxTimerCallback                      0x00001091   Thumb Code     2  rtx_evr.o(i.EvrRtxTimerCallback)
    GPDMA_ChannelConfigure                   0x00001095   Thumb Code   232  gpdma_lpc17xx.o(i.GPDMA_ChannelConfigure)
    GPDMA_ChannelDisable                     0x00001189   Thumb Code    44  gpdma_lpc17xx.o(i.GPDMA_ChannelDisable)
    GPDMA_ChannelGetCount                    0x000011b9   Thumb Code    38  gpdma_lpc17xx.o(i.GPDMA_ChannelGetCount)
    GPDMA_Initialize                         0x000011e9   Thumb Code   146  gpdma_lpc17xx.o(i.GPDMA_Initialize)
    GPDMA_PeripheralSelect                   0x00001291   Thumb Code    62  gpdma_lpc17xx.o(i.GPDMA_PeripheralSelect)
    GPDMA_Uninitialize                       0x000012d5   Thumb Code   116  gpdma_lpc17xx.o(i.GPDMA_Uninitialize)
    GPIO_PinWrite                            0x00001355   Thumb Code    36  gpio_lpc17xx.o(i.GPIO_PinWrite)
    GPIO_SetDir                              0x0000137d   Thumb Code    52  gpio_lpc17xx.o(i.GPIO_SetDir)
    I2C1_IRQHandler                          0x000014b5   Thumb Code    10  i2c_lpc17xx.o(i.I2C1_IRQHandler)
    OS_Tick_AcknowledgeIRQ                   0x000020e3   Thumb Code     8  os_systick.o(i.OS_Tick_AcknowledgeIRQ)
    OS_Tick_Enable                           0x000020ed   Thumb Code    38  os_systick.o(i.OS_Tick_Enable)
    OS_Tick_GetIRQn                          0x0000211d   Thumb Code     6  os_systick.o(i.OS_Tick_GetIRQn)
    OS_Tick_Setup                            0x00002125   Thumb Code    66  os_systick.o(i.OS_Tick_Setup)
    PIN_Configure                            0x00002175   Thumb Code   246  pin_lpc17xx.o(i.PIN_Configure)
    PIN_ConfigureI2C0Pins                    0x00002271   Thumb Code    28  pin_lpc17xx.o(i.PIN_ConfigureI2C0Pins)
    SSP1_GPDMA_Rx_SignalEvent                0x000022a9   Thumb Code    14  ssp_lpc17xx.o(i.SSP1_GPDMA_Rx_SignalEvent)
    SSP1_GPDMA_Tx_SignalEvent                0x000022bd   Thumb Code    14  ssp_lpc17xx.o(i.SSP1_GPDMA_Tx_SignalEvent)
    SSP1_IRQHandler                          0x000022f1   Thumb Code    10  ssp_lpc17xx.o(i.SSP1_IRQHandler)
    SSPx_GPDMA_Rx_SignalEvent                0x000028bf   Thumb Code    54  ssp_lpc17xx.o(i.SSPx_GPDMA_Rx_SignalEvent)
    SSPx_GPDMA_Tx_SignalEvent                0x000028f5   Thumb Code    28  ssp_lpc17xx.o(i.SSPx_GPDMA_Tx_SignalEvent)
    SystemCoreClockUpdate                    0x000031d9   Thumb Code   408  system_lpc17xx.o(i.SystemCoreClockUpdate)
    SystemInit                               0x00003381   Thumb Code   302  system_lpc17xx.o(i.SystemInit)
    UART0_IRQHandler                         0x00003571   Thumb Code    10  uart_lpc17xx.o(i.UART0_IRQHandler)
    UART1_IRQHandler                         0x00003581   Thumb Code    10  uart_lpc17xx.o(i.UART1_IRQHandler)
    USART0_GPDMA_Rx_Event                    0x000035a9   Thumb Code    14  uart_lpc17xx.o(i.USART0_GPDMA_Rx_Event)
    USART0_GPDMA_Tx_Event                    0x000035bd   Thumb Code    14  uart_lpc17xx.o(i.USART0_GPDMA_Tx_Event)
    USART1_GPDMA_Rx_Event                    0x000036d1   Thumb Code    14  uart_lpc17xx.o(i.USART1_GPDMA_Rx_Event)
    USART1_GPDMA_Tx_Event                    0x000036e5   Thumb Code    14  uart_lpc17xx.o(i.USART1_GPDMA_Tx_Event)
    USART_SetBaudrate                        0x000049d1   Thumb Code   302  uart_lpc17xx.o(i.USART_SetBaudrate)
    itmPrintln(char*)                        0x00004d11   Thumb Code    72  itm_arm.o(i._Z10itmPrintlnPc)
    motorRight(bool, int)                    0x00004d59   Thumb Code    66  main.o(i._Z10motorRightbi)
    SPI_callback(unsigned)                   0x00004da1   Thumb Code     2  main.o(i._Z12SPI_callbackj)
    filterEngine(void*)                      0x00004da5   Thumb Code    70  main.o(i._Z12filterEnginePv)
    computeEngine(void*)                     0x00004e01   Thumb Code    48  main.o(i._Z13computeEnginePv)
    itmPrintlnInt(int)                       0x00004e3d   Thumb Code    26  itm_arm.o(i._Z13itmPrintlnInti)
    ledInitialize()                          0x00004e5d   Thumb Code    74  main.o(i._Z13ledInitializev)
    ADC_Initialize()                         0x00004ea9   Thumb Code    72  main.o(i._Z14ADC_Initializev)
    USART_callback(unsigned)                 0x00004f01   Thumb Code    56  main.o(i._Z14USART_callbackj)
    spi1Initialize()                         0x00004f39   Thumb Code    40  main.o(i._Z14spi1Initializev)
    heartBeatThread(void*)                   0x00004f71   Thumb Code    38  main.o(i._Z15heartBeatThreadPv)
    uart0Initialize()                        0x00004f99   Thumb Code    64  main.o(i._Z15uart0Initializev)
    Debug(void*)                             0x00005001   Thumb Code    46  main.o(i._Z5DebugPv)
    itmPrint(char*)                          0x00005045   Thumb Code    32  itm_arm.o(i._Z8itmPrintPc)
    motorLeft(bool, int)                     0x00005065   Thumb Code    62  main.o(i._Z9motorLeftbi)
    _mutex_acquire                           0x00005189   Thumb Code    22  rtx_lib.o(i._mutex_acquire)
    _mutex_free                              0x0000519f   Thumb Code    12  rtx_lib.o(i._mutex_free)
    _mutex_initialize                        0x000051ab   Thumb Code    34  rtx_lib.o(i._mutex_initialize)
    _mutex_release                           0x000051cd   Thumb Code    18  rtx_lib.o(i._mutex_release)
    _platform_post_stackheap_init            0x000051df   Thumb Code     8  rtx_lib.o(i._platform_post_stackheap_init)
    main                                     0x00005455   Thumb Code   250  main.o(i.main)
    osDelay                                  0x000055c1   Thumb Code    56  rtx_delay.o(i.osDelay)
    osKernelGetState                         0x000055fd   Thumb Code    44  rtx_kernel.o(i.osKernelGetState)
    osKernelInitialize                       0x0000562d   Thumb Code    48  rtx_kernel.o(i.osKernelInitialize)
    osKernelStart                            0x00005661   Thumb Code    48  rtx_kernel.o(i.osKernelStart)
    osMessageQueueGet                        0x00005695   Thumb Code    78  rtx_msgqueue.o(i.osMessageQueueGet)
    osMessageQueueNew                        0x000056e9   Thumb Code    70  rtx_msgqueue.o(i.osMessageQueueNew)
    osMessageQueuePut                        0x00005735   Thumb Code    78  rtx_msgqueue.o(i.osMessageQueuePut)
    osMutexAcquire                           0x00005789   Thumb Code    62  rtx_mutex.o(i.osMutexAcquire)
    osMutexDelete                            0x000057cd   Thumb Code    56  rtx_mutex.o(i.osMutexDelete)
    osMutexNew                               0x00005809   Thumb Code    54  rtx_mutex.o(i.osMutexNew)
    osMutexRelease                           0x00005845   Thumb Code    56  rtx_mutex.o(i.osMutexRelease)
    osRtxErrorNotify                         0x00005881   Thumb Code    32  rtx_config.o(i.osRtxErrorNotify)
    osRtxIdleThread                          0x000058a1   Thumb Code     4  rtx_config.o(i.osRtxIdleThread)
    osRtxMemoryAlloc                         0x000058b1   Thumb Code   238  rtx_memory.o(i.osRtxMemoryAlloc)
    osRtxMemoryFree                          0x0000599f   Thumb Code   124  rtx_memory.o(i.osRtxMemoryFree)
    osRtxMemoryInit                          0x00005a1b   Thumb Code   106  rtx_memory.o(i.osRtxMemoryInit)
    osRtxMemoryPoolAlloc                     0x00005a85   Thumb Code    58  rtx_mempool.o(i.osRtxMemoryPoolAlloc)
    osRtxMemoryPoolFree                      0x00005abf   Thumb Code    78  rtx_mempool.o(i.osRtxMemoryPoolFree)
    osRtxMemoryPoolInit                      0x00005b0d   Thumb Code    88  rtx_mempool.o(i.osRtxMemoryPoolInit)
    osRtxMutexOwnerRelease                   0x00005c8d   Thumb Code    94  rtx_mutex.o(i.osRtxMutexOwnerRelease)
    osRtxPendSV_Handler                      0x00005ced   Thumb Code   126  rtx_system.o(i.osRtxPendSV_Handler)
    osRtxPostProcess                         0x00005d71   Thumb Code    50  rtx_system.o(i.osRtxPostProcess)
    osRtxThreadDelayTick                     0x00005f01   Thumb Code   216  rtx_thread.o(i.osRtxThreadDelayTick)
    osRtxThreadDispatch                      0x00005fdd   Thumb Code   106  rtx_thread.o(i.osRtxThreadDispatch)
    osRtxThreadListGet                       0x000060b9   Thumb Code    28  rtx_thread.o(i.osRtxThreadListGet)
    osRtxThreadListPut                       0x000060d5   Thumb Code    50  rtx_thread.o(i.osRtxThreadListPut)
    osRtxThreadListRemove                    0x00006107   Thumb Code    26  rtx_thread.o(i.osRtxThreadListRemove)
    osRtxThreadListSort                      0x00006133   Thumb Code    42  rtx_thread.o(i.osRtxThreadListSort)
    osRtxThreadReadyPut                      0x0000619d   Thumb Code    18  rtx_thread.o(i.osRtxThreadReadyPut)
    osRtxThreadRegPtr                        0x000061b5   Thumb Code    14  rtx_thread.o(i.osRtxThreadRegPtr)
    osRtxThreadStackCheck                    0x000061d1   Thumb Code    38  rtx_thread.o(i.osRtxThreadStackCheck)
    osRtxThreadStartup                       0x000061fd   Thumb Code    78  rtx_thread.o(i.osRtxThreadStartup)
    osRtxThreadSwitch                        0x0000625d   Thumb Code    24  rtx_thread.o(i.osRtxThreadSwitch)
    osRtxThreadWaitEnter                     0x00006279   Thumb Code    78  rtx_thread.o(i.osRtxThreadWaitEnter)
    osRtxThreadWaitExit                      0x000062cd   Thumb Code    54  rtx_thread.o(i.osRtxThreadWaitExit)
    osRtxTick_Handler                        0x00006305   Thumb Code   154  rtx_system.o(i.osRtxTick_Handler)
    osRtxTimerThread                         0x000063a5   Thumb Code    76  rtx_timer.o(i.osRtxTimerThread)
    osSemaphoreAcquire                       0x00006459   Thumb Code    58  rtx_semaphore.o(i.osSemaphoreAcquire)
    osSemaphoreNew                           0x00006499   Thumb Code    70  rtx_semaphore.o(i.osSemaphoreNew)
    osSemaphoreRelease                       0x000064e5   Thumb Code    50  rtx_semaphore.o(i.osSemaphoreRelease)
    osThreadExit                             0x0000651d   Thumb Code    28  rtx_thread.o(i.osThreadExit)
    osThreadNew                              0x0000653d   Thumb Code    70  rtx_thread.o(i.osThreadNew)
    irqRtxLib                                0x00007644   Data           1  irq_cm3.o(.constdata)
    osRtxUserSVC                             0x000076a8   Data           4  rtx_lib.o(.constdata)
    Driver_I2C1                              0x000076e0   Data          48  i2c_lpc17xx.o(.constdata)
    Driver_SPI1                              0x00007760   Data          44  ssp_lpc17xx.o(.constdata)
    Driver_USART0                            0x00007998   Data          56  uart_lpc17xx.o(.constdata)
    Driver_USART1                            0x000079d0   Data          56  uart_lpc17xx.o(.constdata)
    osRtxConfig                              0x00007a14   Data         104  rtx_lib.o(.rodata)
    Region$$Table$$Base                      0x00007a7c   Number         0  anon$$obj.o(Region$$Table)
    Region$$Table$$Limit                     0x00007a9c   Number         0  anon$$obj.o(Region$$Table)
    SHT$$INIT_ARRAY$$Base                    0x00007a9c   Number         0  main.o(.init_array)
    SHT$$INIT_ARRAY$$Limit                   0x00007aa0   Number         0  init_aeabi.o(.init_array)
    .bss.os.msgqueue.cb$$Base                0x10001040   Number         0  rtx_lib.o(.bss.os.msgqueue.cb)
    .bss.os.msgqueue.cb$$Limit               0x10001074   Number         0  rtx_lib.o(.bss.os.msgqueue.cb)
    .bss.os.thread.cb$$Base                  0x100010c4   Number         0  rtx_lib.o(.bss.os.thread.cb)
    .bss.os.thread.cb$$Limit                 0x1000114c   Number         0  rtx_lib.o(.bss.os.thread.cb)
    Driver_USART1_STATUS                     0x10001350   Data           4  main.o(.data)
    semaphoreAdcId                           0x10001354   Data           4  main.o(.data)
    pData                                    0x10001358   Data           1  main.o(.data)
    irqRtxLibRef                             0x10001368   Data           4  rtx_lib.o(.data)
    I2C1_PIN                                 0x1000136e   Data           4  i2c_lpc17xx.o(.data)
    SystemCoreClock                          0x10001394   Data           4  system_lpc17xx.o(.data)
    osRtxInfo                                0x10001398   Data         164  rtx_kernel.o(.data.os)
    Driver_USART1_INFO                       0x1000143c   Data          32  main.o(.bss)
    semaphoreAdcAttr                         0x1000145c   Data          16  main.o(.bss)
    readout                                  0x1000146c   Data          34  main.o(.bss)
    ringBuffer                               0x10001490   Data          84  main.o(.bss)
    __libspace_start                         0x10001638   Data          96  libspace.o(.bss)
    __temporary_stack_top$libspace           0x10001698   Data           0  libspace.o(.bss)



==============================================================================

Memory Map of the image

  Image Entry point : 0x000000cd

  Load Region LR_IROM1 (Base: 0x00000000, Size: 0x00008edc, Max: 0x00080000, ABSOLUTE, COMPRESSED[0x00007aec])

    Execution Region ER_IROM1 (Exec base: 0x00000000, Load base: 0x00000000, Size: 0x00007aa0, Max: 0x00080000, ABSOLUTE)

    Exec Addr    Load Addr    Size         Type   Attr      Idx    E Section Name        Object

    0x00000000   0x00000000   0x000000cc   Data   RO         4279    RESET               startup_lpc17xx.o
    0x000000cc   0x000000cc   0x00000008   Code   RO         4365  * !!!main             c_w.l(__main.o)
    0x000000d4   0x000000d4   0x00000034   Code   RO         4549    !!!scatter          c_w.l(__scatter.o)
    0x00000108   0x00000108   0x0000003a   Code   RO         4547    !!dczerorl          c_w.l(__dczerorl.o)
    0x00000142   0x00000142   0x00000002   PAD
    0x00000144   0x00000144   0x0000001c   Code   RO         4551    !!handler_zi        c_w.l(__scatter_zi.o)
    0x00000160   0x00000160   0x00000000   Code   RO         4356    .ARM.Collect$$_printf_percent$$00000000  c_w.l(_printf_percent.o)
    0x00000160   0x00000160   0x00000006   Code   RO         4355    .ARM.Collect$$_printf_percent$$00000009  c_w.l(_printf_d.o)
    0x00000166   0x00000166   0x00000004   Code   RO         4384    .ARM.Collect$$_printf_percent$$00000017  c_w.l(_printf_percent_end.o)
    0x0000016a   0x0000016a   0x00000002   Code   RO         4470    .ARM.Collect$$libinit$$00000000  c_w.l(libinit.o)
    0x0000016c   0x0000016c   0x00000000   Code   RO         4388    .ARM.Collect$$libinit$$00000002  c_w.l(libinit2.o)
    0x0000016c   0x0000016c   0x00000000   Code   RO         4390    .ARM.Collect$$libinit$$00000004  c_w.l(libinit2.o)
    0x0000016c   0x0000016c   0x00000000   Code   RO         4393    .ARM.Collect$$libinit$$0000000A  c_w.l(libinit2.o)
    0x0000016c   0x0000016c   0x00000000   Code   RO         4395    .ARM.Collect$$libinit$$0000000C  c_w.l(libinit2.o)
    0x0000016c   0x0000016c   0x00000000   Code   RO         4397    .ARM.Collect$$libinit$$0000000E  c_w.l(libinit2.o)
    0x0000016c   0x0000016c   0x00000000   Code   RO         4400    .ARM.Collect$$libinit$$00000011  c_w.l(libinit2.o)
    0x0000016c   0x0000016c   0x00000000   Code   RO         4402    .ARM.Collect$$libinit$$00000013  c_w.l(libinit2.o)
    0x0000016c   0x0000016c   0x00000000   Code   RO         4404    .ARM.Collect$$libinit$$00000015  c_w.l(libinit2.o)
    0x0000016c   0x0000016c   0x00000000   Code   RO         4406    .ARM.Collect$$libinit$$00000017  c_w.l(libinit2.o)
    0x0000016c   0x0000016c   0x00000000   Code   RO         4408    .ARM.Collect$$libinit$$00000019  c_w.l(libinit2.o)
    0x0000016c   0x0000016c   0x00000000   Code   RO         4410    .ARM.Collect$$libinit$$0000001B  c_w.l(libinit2.o)
    0x0000016c   0x0000016c   0x00000000   Code   RO         4412    .ARM.Collect$$libinit$$0000001D  c_w.l(libinit2.o)
    0x0000016c   0x0000016c   0x00000000   Code   RO         4414    .ARM.Collect$$libinit$$0000001F  c_w.l(libinit2.o)
    0x0000016c   0x0000016c   0x00000000   Code   RO         4416    .ARM.Collect$$libinit$$00000021  c_w.l(libinit2.o)
    0x0000016c   0x0000016c   0x00000000   Code   RO         4418    .ARM.Collect$$libinit$$00000023  c_w.l(libinit2.o)
    0x0000016c   0x0000016c   0x00000000   Code   RO         4420    .ARM.Collect$$libinit$$00000025  c_w.l(libinit2.o)
    0x0000016c   0x0000016c   0x00000000   Code   RO         4424    .ARM.Collect$$libinit$$0000002C  c_w.l(libinit2.o)
    0x0000016c   0x0000016c   0x00000000   Code   RO         4426    .ARM.Collect$$libinit$$0000002E  c_w.l(libinit2.o)
    0x0000016c   0x0000016c   0x00000000   Code   RO         4428    .ARM.Collect$$libinit$$00000030  c_w.l(libinit2.o)
    0x0000016c   0x0000016c   0x00000004   Code   RO         4429    .ARM.Collect$$libinit$$00000031  c_w.l(libinit2.o)
    0x00000170   0x00000170   0x00000000   Code   RO         4430    .ARM.Collect$$libinit$$00000032  c_w.l(libinit2.o)
    0x00000170   0x00000170   0x00000002   Code   RO         4431    .ARM.Collect$$libinit$$00000033  c_w.l(libinit2.o)
    0x00000172   0x00000172   0x00000002   Code   RO         4514    .ARM.Collect$$libshutdown$$00000000  c_w.l(libshutdown.o)
    0x00000174   0x00000174   0x00000000   Code   RO         4530    .ARM.Collect$$libshutdown$$00000002  c_w.l(libshutdown2.o)
    0x00000174   0x00000174   0x00000000   Code   RO         4532    .ARM.Collect$$libshutdown$$00000004  c_w.l(libshutdown2.o)
    0x00000174   0x00000174   0x00000000   Code   RO         4535    .ARM.Collect$$libshutdown$$00000007  c_w.l(libshutdown2.o)
    0x00000174   0x00000174   0x00000000   Code   RO         4538    .ARM.Collect$$libshutdown$$0000000A  c_w.l(libshutdown2.o)
    0x00000174   0x00000174   0x00000000   Code   RO         4540    .ARM.Collect$$libshutdown$$0000000C  c_w.l(libshutdown2.o)
    0x00000174   0x00000174   0x00000000   Code   RO         4543    .ARM.Collect$$libshutdown$$0000000F  c_w.l(libshutdown2.o)
    0x00000174   0x00000174   0x00000002   Code   RO         4544    .ARM.Collect$$libshutdown$$00000010  c_w.l(libshutdown2.o)
    0x00000176   0x00000176   0x00000000   Code   RO         4373    .ARM.Collect$$rtentry$$00000000  c_w.l(__rtentry.o)
    0x00000176   0x00000176   0x00000000   Code   RO         4433    .ARM.Collect$$rtentry$$00000002  c_w.l(__rtentry2.o)
    0x00000176   0x00000176   0x00000006   Code   RO         4445    .ARM.Collect$$rtentry$$00000004  c_w.l(__rtentry4.o)
    0x0000017c   0x0000017c   0x00000008   Code   RO         4434    .ARM.Collect$$rtentry$$00000008  c_w.l(__rtentry2.o)
    0x00000184   0x00000184   0x00000004   Code   RO         4436    .ARM.Collect$$rtentry$$0000000A  c_w.l(__rtentry2.o)
    0x00000188   0x00000188   0x00000000   Code   RO         4438    .ARM.Collect$$rtentry$$0000000C  c_w.l(__rtentry2.o)
    0x00000188   0x00000188   0x00000008   Code   RO         4439    .ARM.Collect$$rtentry$$0000000D  c_w.l(__rtentry2.o)
    0x00000190   0x00000190   0x00000002   Code   RO         4476    .ARM.Collect$$rtexit$$00000000  c_w.l(rtexit.o)
    0x00000192   0x00000192   0x00000000   Code   RO         4496    .ARM.Collect$$rtexit$$00000002  c_w.l(rtexit2.o)
    0x00000192   0x00000192   0x00000004   Code   RO         4497    .ARM.Collect$$rtexit$$00000003  c_w.l(rtexit2.o)
    0x00000196   0x00000196   0x00000006   Code   RO         4498    .ARM.Collect$$rtexit$$00000004  c_w.l(rtexit2.o)
    0x0000019c   0x0000019c   0x00000154   Code   RO         2140    .emb_text           rtx_mempool.o
    0x000002f0   0x000002f0   0x00000006   Code   RO         4363    .text               c_w.l(heapauxi.o)
    0x000002f6   0x000002f6   0x00000002   Code   RO         4492    .text               c_w.l(use_no_semi.o)
    0x000002f8   0x000002f8   0x00000000   Code   RO         4494    .text               c_w.l(indicate_semi.o)
    0x000002f8   0x000002f8   0x00000002   Code   RO          793    i.EvrRtxEventFlagsWaitTimeout  rtx_evr.o
    0x000002fa   0x000002fa   0x00000002   Code   RO          794    i.EvrRtxKernelError  rtx_evr.o
    0x000002fc   0x000002fc   0x00000004   Code   RO         4280    .ARM.__at_0x02FC    startup_lpc17xx.o
    0x00000300   0x00000300   0x00000154   Code   RO         2307    .emb_text           rtx_msgqueue.o
    0x00000454   0x00000454   0x00000154   Code   RO         2592    .emb_text           rtx_semaphore.o
    0x000005a8   0x000005a8   0x00000154   Code   RO         2718    .emb_text           rtx_system.o
    0x000006fc   0x000006fc   0x00000154   Code   RO         2774    .emb_text           rtx_thread.o
    0x00000850   0x00000850   0x00000094   Code   RO          511    .text               irq_cm3.o
    0x000008e4   0x000008e4   0x00000040   Code   RO         4281    .text               startup_lpc17xx.o
    0x00000924   0x00000924   0x000000ee   Code   RO         4325    .text               c_w.l(lludivv7m.o)
    0x00000a12   0x00000a12   0x00000002   PAD
    0x00000a14   0x00000a14   0x00000028   Code   RO         4329    .text               c_w.l(noretval__2sprintf.o)
    0x00000a3c   0x00000a3c   0x00000068   Code   RO         4331    .text               c_w.l(__printf.o)
    0x00000aa4   0x00000aa4   0x00000078   Code   RO         4333    .text               c_w.l(_printf_dec.o)
    0x00000b1c   0x00000b1c   0x0000008a   Code   RO         4357    .text               c_w.l(rt_memcpy_v6.o)
    0x00000ba6   0x00000ba6   0x00000044   Code   RO         4359    .text               c_w.l(rt_memclr.o)
    0x00000bea   0x00000bea   0x0000004e   Code   RO         4361    .text               c_w.l(rt_memclr_w.o)
    0x00000c38   0x00000c38   0x00000024   Code   RO         4370    .text               c_w.l(init_aeabi.o)
    0x00000c5c   0x00000c5c   0x000000b2   Code   RO         4378    .text               c_w.l(_printf_intcommon.o)
    0x00000d0e   0x00000d0e   0x00000002   PAD
    0x00000d10   0x00000d10   0x00000030   Code   RO         4380    .text               c_w.l(_printf_char_common.o)
    0x00000d40   0x00000d40   0x0000000a   Code   RO         4382    .text               c_w.l(_sputc.o)
    0x00000d4a   0x00000d4a   0x00000064   Code   RO         4385    .text               c_w.l(rt_memcpy_w.o)
    0x00000dae   0x00000dae   0x0000004a   Code   RO         4455    .text               c_w.l(sys_stackheap_outer.o)
    0x00000df8   0x00000df8   0x00000012   Code   RO         4457    .text               c_w.l(exit.o)
    0x00000e0a   0x00000e0a   0x00000002   PAD
    0x00000e0c   0x00000e0c   0x00000008   Code   RO         4473    .text               c_w.l(libspace.o)
    0x00000e14   0x00000e14   0x0000000c   Code   RO         4490    .text               c_w.l(sys_exit.o)
    0x00000e20   0x00000e20   0x00000054   Code   RO            4    i.ADC_IRQHandler    main.o
    0x00000e74   0x00000e74   0x00000020   Code   RO         4100    i.Clear_Channel_active_flag  gpdma_lpc17xx.o
    0x00000e94   0x00000e94   0x00000180   Code   RO         4101    i.DMA_IRQHandler    gpdma_lpc17xx.o
    0x00001014   0x00001014   0x00000002   Code   RO          796    i.EvrRtxKernelGetState  rtx_evr.o
    0x00001016   0x00001016   0x00000002   Code   RO          802    i.EvrRtxKernelInitialize  rtx_evr.o
    0x00001018   0x00001018   0x00000002   Code   RO          803    i.EvrRtxKernelInitializeCompleted  rtx_evr.o
    0x0000101a   0x0000101a   0x00000002   Code   RO          810    i.EvrRtxKernelStart  rtx_evr.o
    0x0000101c   0x0000101c   0x00000002   Code   RO          811    i.EvrRtxKernelStarted  rtx_evr.o
    0x0000101e   0x0000101e   0x00000002   Code   RO          816    i.EvrRtxMemoryAlloc  rtx_evr.o
    0x00001020   0x00001020   0x00000002   Code   RO          817    i.EvrRtxMemoryBlockAlloc  rtx_evr.o
    0x00001022   0x00001022   0x00000002   Code   RO          818    i.EvrRtxMemoryBlockFree  rtx_evr.o
    0x00001024   0x00001024   0x00000002   Code   RO          819    i.EvrRtxMemoryBlockInit  rtx_evr.o
    0x00001026   0x00001026   0x00000002   Code   RO          820    i.EvrRtxMemoryFree  rtx_evr.o
    0x00001028   0x00001028   0x00000002   Code   RO          821    i.EvrRtxMemoryInit  rtx_evr.o
    0x0000102a   0x0000102a   0x00000002   Code   RO          825    i.EvrRtxMemoryPoolAllocTimeout  rtx_evr.o
    0x0000102c   0x0000102c   0x00000002   Code   RO          840    i.EvrRtxMessageQueueCreated  rtx_evr.o
    0x0000102e   0x0000102e   0x00000002   Code   RO          843    i.EvrRtxMessageQueueError  rtx_evr.o
    0x00001030   0x00001030   0x00000002   Code   RO          844    i.EvrRtxMessageQueueGet  rtx_evr.o
    0x00001032   0x00001032   0x00000002   Code   RO          849    i.EvrRtxMessageQueueGetPending  rtx_evr.o
    0x00001034   0x00001034   0x00000002   Code   RO          851    i.EvrRtxMessageQueueGetTimeout  rtx_evr.o
    0x00001036   0x00001036   0x00000002   Code   RO          852    i.EvrRtxMessageQueueInsertPending  rtx_evr.o
    0x00001038   0x00001038   0x00000002   Code   RO          853    i.EvrRtxMessageQueueInserted  rtx_evr.o
    0x0000103a   0x0000103a   0x00000002   Code   RO          854    i.EvrRtxMessageQueueNew  rtx_evr.o
    0x0000103c   0x0000103c   0x00000002   Code   RO          855    i.EvrRtxMessageQueueNotInserted  rtx_evr.o
    0x0000103e   0x0000103e   0x00000002   Code   RO          856    i.EvrRtxMessageQueueNotRetrieved  rtx_evr.o
    0x00001040   0x00001040   0x00000002   Code   RO          857    i.EvrRtxMessageQueuePut  rtx_evr.o
    0x00001042   0x00001042   0x00000002   Code   RO          858    i.EvrRtxMessageQueuePutPending  rtx_evr.o
    0x00001044   0x00001044   0x00000002   Code   RO          859    i.EvrRtxMessageQueuePutTimeout  rtx_evr.o
    0x00001046   0x00001046   0x00000002   Code   RO          862    i.EvrRtxMessageQueueRetrieved  rtx_evr.o
    0x00001048   0x00001048   0x00000002   Code   RO          863    i.EvrRtxMutexAcquire  rtx_evr.o
    0x0000104a   0x0000104a   0x00000002   Code   RO          864    i.EvrRtxMutexAcquirePending  rtx_evr.o
    0x0000104c   0x0000104c   0x00000002   Code   RO          865    i.EvrRtxMutexAcquireTimeout  rtx_evr.o
    0x0000104e   0x0000104e   0x00000002   Code   RO          866    i.EvrRtxMutexAcquired  rtx_evr.o
    0x00001050   0x00001050   0x00000002   Code   RO          867    i.EvrRtxMutexCreated  rtx_evr.o
    0x00001052   0x00001052   0x00000002   Code   RO          868    i.EvrRtxMutexDelete  rtx_evr.o
    0x00001054   0x00001054   0x00000002   Code   RO          869    i.EvrRtxMutexDestroyed  rtx_evr.o
    0x00001056   0x00001056   0x00000002   Code   RO          870    i.EvrRtxMutexError  rtx_evr.o
    0x00001058   0x00001058   0x00000002   Code   RO          873    i.EvrRtxMutexNew    rtx_evr.o
    0x0000105a   0x0000105a   0x00000002   Code   RO          874    i.EvrRtxMutexNotAcquired  rtx_evr.o
    0x0000105c   0x0000105c   0x00000002   Code   RO          875    i.EvrRtxMutexRelease  rtx_evr.o
    0x0000105e   0x0000105e   0x00000002   Code   RO          876    i.EvrRtxMutexReleased  rtx_evr.o
    0x00001060   0x00001060   0x00000002   Code   RO          877    i.EvrRtxSemaphoreAcquire  rtx_evr.o
    0x00001062   0x00001062   0x00000002   Code   RO          878    i.EvrRtxSemaphoreAcquirePending  rtx_evr.o
    0x00001064   0x00001064   0x00000002   Code   RO          879    i.EvrRtxSemaphoreAcquireTimeout  rtx_evr.o
    0x00001066   0x00001066   0x00000002   Code   RO          880    i.EvrRtxSemaphoreAcquired  rtx_evr.o
    0x00001068   0x00001068   0x00000002   Code   RO          881    i.EvrRtxSemaphoreCreated  rtx_evr.o
    0x0000106a   0x0000106a   0x00000002   Code   RO          884    i.EvrRtxSemaphoreError  rtx_evr.o
    0x0000106c   0x0000106c   0x00000002   Code   RO          887    i.EvrRtxSemaphoreNew  rtx_evr.o
    0x0000106e   0x0000106e   0x00000002   Code   RO          888    i.EvrRtxSemaphoreNotAcquired  rtx_evr.o
    0x00001070   0x00001070   0x00000002   Code   RO          889    i.EvrRtxSemaphoreRelease  rtx_evr.o
    0x00001072   0x00001072   0x00000002   Code   RO          890    i.EvrRtxSemaphoreReleased  rtx_evr.o
    0x00001074   0x00001074   0x00000002   Code   RO          891    i.EvrRtxThreadBlocked  rtx_evr.o
    0x00001076   0x00001076   0x00000002   Code   RO          892    i.EvrRtxThreadCreated  rtx_evr.o
    0x00001078   0x00001078   0x00000002   Code   RO          893    i.EvrRtxThreadDelay  rtx_evr.o
    0x0000107a   0x0000107a   0x00000002   Code   RO          894    i.EvrRtxThreadDelayCompleted  rtx_evr.o
    0x0000107c   0x0000107c   0x00000002   Code   RO          896    i.EvrRtxThreadDestroyed  rtx_evr.o
    0x0000107e   0x0000107e   0x00000002   Code   RO          900    i.EvrRtxThreadError  rtx_evr.o
    0x00001080   0x00001080   0x00000002   Code   RO          901    i.EvrRtxThreadExit  rtx_evr.o
    0x00001082   0x00001082   0x00000002   Code   RO          908    i.EvrRtxThreadFlagsWaitCompleted  rtx_evr.o
    0x00001084   0x00001084   0x00000002   Code   RO          911    i.EvrRtxThreadFlagsWaitTimeout  rtx_evr.o
    0x00001086   0x00001086   0x00000002   Code   RO          921    i.EvrRtxThreadJoined  rtx_evr.o
    0x00001088   0x00001088   0x00000002   Code   RO          922    i.EvrRtxThreadNew   rtx_evr.o
    0x0000108a   0x0000108a   0x00000002   Code   RO          923    i.EvrRtxThreadPreempted  rtx_evr.o
    0x0000108c   0x0000108c   0x00000002   Code   RO          929    i.EvrRtxThreadSwitched  rtx_evr.o
    0x0000108e   0x0000108e   0x00000002   Code   RO          931    i.EvrRtxThreadUnblocked  rtx_evr.o
    0x00001090   0x00001090   0x00000002   Code   RO          933    i.EvrRtxTimerCallback  rtx_evr.o
    0x00001092   0x00001092   0x00000002   PAD
    0x00001094   0x00001094   0x000000f4   Code   RO         4102    i.GPDMA_ChannelConfigure  gpdma_lpc17xx.o
    0x00001188   0x00001188   0x00000030   Code   RO         4103    i.GPDMA_ChannelDisable  gpdma_lpc17xx.o
    0x000011b8   0x000011b8   0x00000030   Code   RO         4105    i.GPDMA_ChannelGetCount  gpdma_lpc17xx.o
    0x000011e8   0x000011e8   0x000000a8   Code   RO         4107    i.GPDMA_Initialize  gpdma_lpc17xx.o
    0x00001290   0x00001290   0x00000044   Code   RO         4108    i.GPDMA_PeripheralSelect  gpdma_lpc17xx.o
    0x000012d4   0x000012d4   0x00000080   Code   RO         4109    i.GPDMA_Uninitialize  gpdma_lpc17xx.o
    0x00001354   0x00001354   0x00000028   Code   RO         4191    i.GPIO_PinWrite     gpio_lpc17xx.o
    0x0000137c   0x0000137c   0x00000038   Code   RO         4195    i.GPIO_SetDir       gpio_lpc17xx.o
    0x000013b4   0x000013b4   0x00000040   Code   RO         3422    i.GetI2CClockFreq   i2c_lpc17xx.o
    0x000013f4   0x000013f4   0x00000044   Code   RO         3615    i.GetSSPClockFreq   ssp_lpc17xx.o
    0x00001438   0x00001438   0x00000044   Code   RO         3799    i.GetUsartClockFreq  uart_lpc17xx.o
    0x0000147c   0x0000147c   0x00000018   Code   RO         3423    i.I2C1_Control      i2c_lpc17xx.o
    0x00001494   0x00001494   0x00000010   Code   RO         3424    i.I2C1_GetDataCount  i2c_lpc17xx.o
    0x000014a4   0x000014a4   0x00000010   Code   RO         3425    i.I2C1_GetStatus    i2c_lpc17xx.o
    0x000014b4   0x000014b4   0x00000010   Code   RO         3426    i.I2C1_IRQHandler   i2c_lpc17xx.o
    0x000014c4   0x000014c4   0x00000014   Code   RO         3427    i.I2C1_Initialize   i2c_lpc17xx.o
    0x000014d8   0x000014d8   0x00000020   Code   RO         3428    i.I2C1_MasterReceive  i2c_lpc17xx.o
    0x000014f8   0x000014f8   0x00000020   Code   RO         3429    i.I2C1_MasterTransmit  i2c_lpc17xx.o
    0x00001518   0x00001518   0x00000014   Code   RO         3430    i.I2C1_PowerControl  i2c_lpc17xx.o
    0x0000152c   0x0000152c   0x00000018   Code   RO         3431    i.I2C1_SlaveReceive  i2c_lpc17xx.o
    0x00001544   0x00001544   0x00000018   Code   RO         3432    i.I2C1_SlaveTransmit  i2c_lpc17xx.o
    0x0000155c   0x0000155c   0x00000010   Code   RO         3433    i.I2C1_Uninitialize  i2c_lpc17xx.o
    0x0000156c   0x0000156c   0x0000000c   Code   RO         3434    i.I2C_GetCapabilities  i2c_lpc17xx.o
    0x00001578   0x00001578   0x00000010   Code   RO         3435    i.I2C_GetVersion    i2c_lpc17xx.o
    0x00001588   0x00001588   0x0000018c   Code   RO         3436    i.I2Cx_Control      i2c_lpc17xx.o
    0x00001714   0x00001714   0x00000008   Code   RO         3437    i.I2Cx_GetDataCount  i2c_lpc17xx.o
    0x0000171c   0x0000171c   0x00000008   Code   RO         3438    i.I2Cx_GetStatus    i2c_lpc17xx.o
    0x00001724   0x00001724   0x00000030   Code   RO         3439    i.I2Cx_IRQHandler   i2c_lpc17xx.o
    0x00001754   0x00001754   0x0000004e   Code   RO         3440    i.I2Cx_Initialize   i2c_lpc17xx.o
    0x000017a2   0x000017a2   0x000001ce   Code   RO         3441    i.I2Cx_MasterHandler  i2c_lpc17xx.o
    0x00001970   0x00001970   0x000000ce   Code   RO         3442    i.I2Cx_MasterReceive  i2c_lpc17xx.o
    0x00001a3e   0x00001a3e   0x000000cc   Code   RO         3443    i.I2Cx_MasterTransmit  i2c_lpc17xx.o
    0x00001b0a   0x00001b0a   0x00000140   Code   RO         3444    i.I2Cx_PowerControl  i2c_lpc17xx.o
    0x00001c4a   0x00001c4a   0x000001d4   Code   RO         3445    i.I2Cx_SlaveHandler  i2c_lpc17xx.o
    0x00001e1e   0x00001e1e   0x00000074   Code   RO         3446    i.I2Cx_SlaveReceive  i2c_lpc17xx.o
    0x00001e92   0x00001e92   0x00000074   Code   RO         3447    i.I2Cx_SlaveTransmit  i2c_lpc17xx.o
    0x00001f06   0x00001f06   0x00000030   Code   RO         3448    i.I2Cx_Uninitialize  i2c_lpc17xx.o
    0x00001f36   0x00001f36   0x00000018   Code   RO          519    i.IsIrqMasked       rtx_delay.o
    0x00001f4e   0x00001f4e   0x00000018   Code   RO         1802    i.IsIrqMasked       rtx_kernel.o
    0x00001f66   0x00001f66   0x00000018   Code   RO         2308    i.IsIrqMasked       rtx_msgqueue.o
    0x00001f7e   0x00001f7e   0x00000018   Code   RO         2486    i.IsIrqMasked       rtx_mutex.o
    0x00001f96   0x00001f96   0x00000018   Code   RO         2593    i.IsIrqMasked       rtx_semaphore.o
    0x00001fae   0x00001fae   0x00000018   Code   RO         2775    i.IsIrqMasked       rtx_thread.o
    0x00001fc6   0x00001fc6   0x00000010   Code   RO          520    i.IsIrqMode         rtx_delay.o
    0x00001fd6   0x00001fd6   0x00000010   Code   RO         1803    i.IsIrqMode         rtx_kernel.o
    0x00001fe6   0x00001fe6   0x00000010   Code   RO         2309    i.IsIrqMode         rtx_msgqueue.o
    0x00001ff6   0x00001ff6   0x00000010   Code   RO         2487    i.IsIrqMode         rtx_mutex.o
    0x00002006   0x00002006   0x00000010   Code   RO         2594    i.IsIrqMode         rtx_semaphore.o
    0x00002016   0x00002016   0x00000010   Code   RO         2776    i.IsIrqMode         rtx_thread.o
    0x00002026   0x00002026   0x00000010   Code   RO         1804    i.IsPrivileged      rtx_kernel.o
    0x00002036   0x00002036   0x0000000a   Code   RO         2093    i.MemBlockPtr       rtx_memory.o
    0x00002040   0x00002040   0x00000034   Code   RO         2310    i.MessageQueueGet   rtx_msgqueue.o
    0x00002074   0x00002074   0x0000004c   Code   RO         2311    i.MessageQueuePut   rtx_msgqueue.o
    0x000020c0   0x000020c0   0x00000022   Code   RO         2312    i.MessageQueueRemove  rtx_msgqueue.o
    0x000020e2   0x000020e2   0x00000008   Code   RO         3318    i.OS_Tick_AcknowledgeIRQ  os_systick.o
    0x000020ea   0x000020ea   0x00000002   PAD
    0x000020ec   0x000020ec   0x00000030   Code   RO         3320    i.OS_Tick_Enable    os_systick.o
    0x0000211c   0x0000211c   0x00000006   Code   RO         3323    i.OS_Tick_GetIRQn   os_systick.o
    0x00002122   0x00002122   0x00000002   PAD
    0x00002124   0x00002124   0x00000050   Code   RO         3326    i.OS_Tick_Setup     os_systick.o
    0x00002174   0x00002174   0x000000fc   Code   RO         4244    i.PIN_Configure     pin_lpc17xx.o
    0x00002270   0x00002270   0x00000020   Code   RO         4245    i.PIN_ConfigureI2C0Pins  pin_lpc17xx.o
    0x00002290   0x00002290   0x00000018   Code   RO         3616    i.SSP1_Control      ssp_lpc17xx.o
    0x000022a8   0x000022a8   0x00000014   Code   RO         3617    i.SSP1_GPDMA_Rx_SignalEvent  ssp_lpc17xx.o
    0x000022bc   0x000022bc   0x00000014   Code   RO         3618    i.SSP1_GPDMA_Tx_SignalEvent  ssp_lpc17xx.o
    0x000022d0   0x000022d0   0x00000010   Code   RO         3619    i.SSP1_GetDataCount  ssp_lpc17xx.o
    0x000022e0   0x000022e0   0x00000010   Code   RO         3620    i.SSP1_GetStatus    ssp_lpc17xx.o
    0x000022f0   0x000022f0   0x00000010   Code   RO         3621    i.SSP1_IRQHandler   ssp_lpc17xx.o
    0x00002300   0x00002300   0x00000014   Code   RO         3622    i.SSP1_Initialize   ssp_lpc17xx.o
    0x00002314   0x00002314   0x00000014   Code   RO         3623    i.SSP1_PowerControl  ssp_lpc17xx.o
    0x00002328   0x00002328   0x00000018   Code   RO         3624    i.SSP1_Receive      ssp_lpc17xx.o
    0x00002340   0x00002340   0x00000018   Code   RO         3625    i.SSP1_Send         ssp_lpc17xx.o
    0x00002358   0x00002358   0x0000001c   Code   RO         3626    i.SSP1_Transfer     ssp_lpc17xx.o
    0x00002374   0x00002374   0x00000010   Code   RO         3627    i.SSP1_Uninitialize  ssp_lpc17xx.o
    0x00002384   0x00002384   0x0000000c   Code   RO         3628    i.SSP_GetCapabilities  ssp_lpc17xx.o
    0x00002390   0x00002390   0x00000010   Code   RO         3629    i.SSP_GetVersion    ssp_lpc17xx.o
    0x000023a0   0x000023a0   0x0000051e   Code   RO         3630    i.SSPx_Control      ssp_lpc17xx.o
    0x000028be   0x000028be   0x00000036   Code   RO         3631    i.SSPx_GPDMA_Rx_SignalEvent  ssp_lpc17xx.o
    0x000028f4   0x000028f4   0x0000001c   Code   RO         3632    i.SSPx_GPDMA_Tx_SignalEvent  ssp_lpc17xx.o
    0x00002910   0x00002910   0x0000002c   Code   RO         3633    i.SSPx_GetDataCount  ssp_lpc17xx.o
    0x0000293c   0x0000293c   0x0000005a   Code   RO         3634    i.SSPx_GetStatus    ssp_lpc17xx.o
    0x00002996   0x00002996   0x00000104   Code   RO         3635    i.SSPx_IRQHandler   ssp_lpc17xx.o
    0x00002a9a   0x00002a9a   0x000000a8   Code   RO         3636    i.SSPx_Initialize   ssp_lpc17xx.o
    0x00002b42   0x00002b42   0x00000002   PAD
    0x00002b44   0x00002b44   0x000001b4   Code   RO         3637    i.SSPx_PowerControl  ssp_lpc17xx.o
    0x00002cf8   0x00002cf8   0x0000015c   Code   RO         3638    i.SSPx_Receive      ssp_lpc17xx.o
    0x00002e54   0x00002e54   0x00000154   Code   RO         3639    i.SSPx_Send         ssp_lpc17xx.o
    0x00002fa8   0x00002fa8   0x00000152   Code   RO         3640    i.SSPx_Transfer     ssp_lpc17xx.o
    0x000030fa   0x000030fa   0x00000070   Code   RO         3641    i.SSPx_Uninitialize  ssp_lpc17xx.o
    0x0000316a   0x0000316a   0x00000018   Code   RO         2595    i.SemaphoreTokenDecrement  rtx_semaphore.o
    0x00003182   0x00003182   0x0000001e   Code   RO         2596    i.SemaphoreTokenIncrement  rtx_semaphore.o
    0x000031a0   0x000031a0   0x00000038   Code   RO         4110    i.Set_Channel_active_flag  gpdma_lpc17xx.o
    0x000031d8   0x000031d8   0x000001a8   Code   RO         4290    i.SystemCoreClockUpdate  system_lpc17xx.o
    0x00003380   0x00003380   0x00000140   Code   RO         4291    i.SystemInit        system_lpc17xx.o
    0x000034c0   0x000034c0   0x00000056   Code   RO         2777    i.ThreadFlagsCheck  rtx_thread.o
    0x00003516   0x00003516   0x00000002   PAD
    0x00003518   0x00003518   0x00000040   Code   RO         3194    i.TimerInsert       rtx_timer.o
    0x00003558   0x00003558   0x00000018   Code   RO         3196    i.TimerUnlink       rtx_timer.o
    0x00003570   0x00003570   0x00000010   Code   RO         3800    i.UART0_IRQHandler  uart_lpc17xx.o
    0x00003580   0x00003580   0x00000010   Code   RO         3801    i.UART1_IRQHandler  uart_lpc17xx.o
    0x00003590   0x00003590   0x00000018   Code   RO         3802    i.USART0_Control    uart_lpc17xx.o
    0x000035a8   0x000035a8   0x00000014   Code   RO         3803    i.USART0_GPDMA_Rx_Event  uart_lpc17xx.o
    0x000035bc   0x000035bc   0x00000014   Code   RO         3804    i.USART0_GPDMA_Tx_Event  uart_lpc17xx.o
    0x000035d0   0x000035d0   0x00000010   Code   RO         3805    i.USART0_GetCapabilities  uart_lpc17xx.o
    0x000035e0   0x000035e0   0x00000010   Code   RO         3806    i.USART0_GetModemStatus  uart_lpc17xx.o
    0x000035f0   0x000035f0   0x00000010   Code   RO         3807    i.USART0_GetRxCount  uart_lpc17xx.o
    0x00003600   0x00003600   0x00000010   Code   RO         3808    i.USART0_GetStatus  uart_lpc17xx.o
    0x00003610   0x00003610   0x00000010   Code   RO         3809    i.USART0_GetTxCount  uart_lpc17xx.o
    0x00003620   0x00003620   0x00000014   Code   RO         3810    i.USART0_Initialize  uart_lpc17xx.o
    0x00003634   0x00003634   0x00000014   Code   RO         3811    i.USART0_PowerControl  uart_lpc17xx.o
    0x00003648   0x00003648   0x00000018   Code   RO         3812    i.USART0_Receive    uart_lpc17xx.o
    0x00003660   0x00003660   0x00000018   Code   RO         3813    i.USART0_Send       uart_lpc17xx.o
    0x00003678   0x00003678   0x00000014   Code   RO         3814    i.USART0_SetModemControl  uart_lpc17xx.o
    0x0000368c   0x0000368c   0x0000001c   Code   RO         3815    i.USART0_Transfer   uart_lpc17xx.o
    0x000036a8   0x000036a8   0x00000010   Code   RO         3816    i.USART0_Uninitialize  uart_lpc17xx.o
    0x000036b8   0x000036b8   0x00000018   Code   RO         3817    i.USART1_Control    uart_lpc17xx.o
    0x000036d0   0x000036d0   0x00000014   Code   RO         3818    i.USART1_GPDMA_Rx_Event  uart_lpc17xx.o
    0x000036e4   0x000036e4   0x00000014   Code   RO         3819    i.USART1_GPDMA_Tx_Event  uart_lpc17xx.o
    0x000036f8   0x000036f8   0x00000010   Code   RO         3820    i.USART1_GetCapabilities  uart_lpc17xx.o
    0x00003708   0x00003708   0x00000010   Code   RO         3821    i.USART1_GetModemStatus  uart_lpc17xx.o
    0x00003718   0x00003718   0x00000010   Code   RO         3822    i.USART1_GetRxCount  uart_lpc17xx.o
    0x00003728   0x00003728   0x00000010   Code   RO         3823    i.USART1_GetStatus  uart_lpc17xx.o
    0x00003738   0x00003738   0x00000010   Code   RO         3824    i.USART1_GetTxCount  uart_lpc17xx.o
    0x00003748   0x00003748   0x00000014   Code   RO         3825    i.USART1_Initialize  uart_lpc17xx.o
    0x0000375c   0x0000375c   0x00000014   Code   RO         3826    i.USART1_PowerControl  uart_lpc17xx.o
    0x00003770   0x00003770   0x00000018   Code   RO         3827    i.USART1_Receive    uart_lpc17xx.o
    0x00003788   0x00003788   0x00000018   Code   RO         3828    i.USART1_Send       uart_lpc17xx.o
    0x000037a0   0x000037a0   0x00000014   Code   RO         3829    i.USART1_SetModemControl  uart_lpc17xx.o
    0x000037b4   0x000037b4   0x0000001c   Code   RO         3830    i.USART1_Transfer   uart_lpc17xx.o
    0x000037d0   0x000037d0   0x00000010   Code   RO         3831    i.USART1_Uninitialize  uart_lpc17xx.o
    0x000037e0   0x000037e0   0x00000670   Code   RO         3832    i.USART_Control     uart_lpc17xx.o
    0x00003e50   0x00003e50   0x00000086   Code   RO         3833    i.USART_GPDMA_Rx_Event  uart_lpc17xx.o
    0x00003ed6   0x00003ed6   0x0000004a   Code   RO         3834    i.USART_GPDMA_Tx_Event  uart_lpc17xx.o
    0x00003f20   0x00003f20   0x00000006   Code   RO         3835    i.USART_GetCapabilities  uart_lpc17xx.o
    0x00003f26   0x00003f26   0x000000ec   Code   RO         3836    i.USART_GetModemStatus  uart_lpc17xx.o
    0x00004012   0x00004012   0x0000001c   Code   RO         3837    i.USART_GetRxCount  uart_lpc17xx.o
    0x0000402e   0x0000402e   0x000000bc   Code   RO         3838    i.USART_GetStatus   uart_lpc17xx.o
    0x000040ea   0x000040ea   0x0000001c   Code   RO         3839    i.USART_GetTxCount  uart_lpc17xx.o
    0x00004106   0x00004106   0x0000026c   Code   RO         3840    i.USART_IRQHandler  uart_lpc17xx.o
    0x00004372   0x00004372   0x000000fe   Code   RO         3841    i.USART_Initialize  uart_lpc17xx.o
    0x00004470   0x00004470   0x0000024c   Code   RO         3842    i.USART_PowerControl  uart_lpc17xx.o
    0x000046bc   0x000046bc   0x00000110   Code   RO         3843    i.USART_Receive     uart_lpc17xx.o
    0x000047cc   0x000047cc   0x00000068   Code   RO         3844    i.USART_RxLineIntHandler  uart_lpc17xx.o
    0x00004834   0x00004834   0x0000019c   Code   RO         3845    i.USART_Send        uart_lpc17xx.o
    0x000049d0   0x000049d0   0x00000134   Code   RO         3846    i.USART_SetBaudrate  uart_lpc17xx.o
    0x00004b04   0x00004b04   0x000000a0   Code   RO         3847    i.USART_SetModemControl  uart_lpc17xx.o
    0x00004ba4   0x00004ba4   0x0000007a   Code   RO         3848    i.USART_Transfer    uart_lpc17xx.o
    0x00004c1e   0x00004c1e   0x000000e2   Code   RO         3849    i.USART_Uninitialize  uart_lpc17xx.o
    0x00004d00   0x00004d00   0x00000010   Code   RO         3850    i.USARTx_GetVersion  uart_lpc17xx.o
    0x00004d10   0x00004d10   0x00000048   Code   RO          437    i._Z10itmPrintlnPc  itm_arm.o
    0x00004d58   0x00004d58   0x00000048   Code   RO            5    i._Z10motorRightbi  main.o
    0x00004da0   0x00004da0   0x00000002   Code   RO            6    i._Z12SPI_callbackj  main.o
    0x00004da2   0x00004da2   0x00000002   PAD
    0x00004da4   0x00004da4   0x0000005c   Code   RO            7    i._Z12filterEnginePv  main.o
    0x00004e00   0x00004e00   0x0000003c   Code   RO            8    i._Z13computeEnginePv  main.o
    0x00004e3c   0x00004e3c   0x00000020   Code   RO          439    i._Z13itmPrintlnInti  itm_arm.o
    0x00004e5c   0x00004e5c   0x0000004a   Code   RO            9    i._Z13ledInitializev  main.o
    0x00004ea6   0x00004ea6   0x00000002   PAD
    0x00004ea8   0x00004ea8   0x00000058   Code   RO           10    i._Z14ADC_Initializev  main.o
    0x00004f00   0x00004f00   0x00000038   Code   RO           11    i._Z14USART_callbackj  main.o
    0x00004f38   0x00004f38   0x00000038   Code   RO           12    i._Z14spi1Initializev  main.o
    0x00004f70   0x00004f70   0x00000026   Code   RO           13    i._Z15heartBeatThreadPv  main.o
    0x00004f96   0x00004f96   0x00000002   PAD
    0x00004f98   0x00004f98   0x0000004c   Code   RO           14    i._Z15uart0Initializev  main.o
    0x00004fe4   0x00004fe4   0x0000001a   Code   RO           17    i._Z16__NVIC_EnableIRQ4IRQn  main.o
    0x00004ffe   0x00004ffe   0x00000002   PAD
    0x00005000   0x00005000   0x00000044   Code   RO           22    i._Z5DebugPv        main.o
    0x00005044   0x00005044   0x00000020   Code   RO          440    i._Z8itmPrintPc     itm_arm.o
    0x00005064   0x00005064   0x00000044   Code   RO           24    i._Z9motorLeftbi    main.o
    0x000050a8   0x000050a8   0x0000001c   Code   RO         3449    i.__NVIC_ClearPendingIRQ  i2c_lpc17xx.o
    0x000050c4   0x000050c4   0x0000001c   Code   RO         3642    i.__NVIC_ClearPendingIRQ  ssp_lpc17xx.o
    0x000050e0   0x000050e0   0x0000001c   Code   RO         3851    i.__NVIC_ClearPendingIRQ  uart_lpc17xx.o
    0x000050fc   0x000050fc   0x0000001c   Code   RO         4111    i.__NVIC_ClearPendingIRQ  gpdma_lpc17xx.o
    0x00005118   0x00005118   0x0000003c   Code   RO         3450    i.__NVIC_DisableIRQ  i2c_lpc17xx.o
    0x00005154   0x00005154   0x0000001a   Code   RO         3451    i.__NVIC_EnableIRQ  i2c_lpc17xx.o
    0x0000516e   0x0000516e   0x00000002   PAD
    0x00005170   0x00005170   0x00000018   Code   RO           25    i.__sti___8_Main_cpp_edb29ea9  main.o
    0x00005188   0x00005188   0x00000016   Code   RO         2015    i._mutex_acquire    rtx_lib.o
    0x0000519e   0x0000519e   0x0000000c   Code   RO         2016    i._mutex_free       rtx_lib.o
    0x000051aa   0x000051aa   0x00000022   Code   RO         2017    i._mutex_initialize  rtx_lib.o
    0x000051cc   0x000051cc   0x00000012   Code   RO         2018    i._mutex_release    rtx_lib.o
    0x000051de   0x000051de   0x00000008   Code   RO         2019    i._platform_post_stackheap_init  rtx_lib.o
    0x000051e6   0x000051e6   0x00000096   Code   RO         2313    i.isrRtxMessageQueueGet  rtx_msgqueue.o
    0x0000527c   0x0000527c   0x0000009e   Code   RO         2314    i.isrRtxMessageQueuePut  rtx_msgqueue.o
    0x0000531a   0x0000531a   0x0000005e   Code   RO         2597    i.isrRtxSemaphoreAcquire  rtx_semaphore.o
    0x00005378   0x00005378   0x0000006a   Code   RO         2598    i.isrRtxSemaphoreRelease  rtx_semaphore.o
    0x000053e2   0x000053e2   0x00000002   PAD
    0x000053e4   0x000053e4   0x00000034   Code   RO         2719    i.isr_queue_get     rtx_system.o
    0x00005418   0x00005418   0x0000003c   Code   RO         2720    i.isr_queue_put     rtx_system.o
    0x00005454   0x00005454   0x0000016c   Code   RO           26    i.main              main.o
    0x000055c0   0x000055c0   0x0000003c   Code   RO          521    i.osDelay           rtx_delay.o
    0x000055fc   0x000055fc   0x00000030   Code   RO         1808    i.osKernelGetState  rtx_kernel.o
    0x0000562c   0x0000562c   0x00000034   Code   RO         1813    i.osKernelInitialize  rtx_kernel.o
    0x00005660   0x00005660   0x00000034   Code   RO         1817    i.osKernelStart     rtx_kernel.o
    0x00005694   0x00005694   0x00000054   Code   RO         2316    i.osMessageQueueGet  rtx_msgqueue.o
    0x000056e8   0x000056e8   0x0000004c   Code   RO         2322    i.osMessageQueueNew  rtx_msgqueue.o
    0x00005734   0x00005734   0x00000054   Code   RO         2323    i.osMessageQueuePut  rtx_msgqueue.o
    0x00005788   0x00005788   0x00000044   Code   RO         2488    i.osMutexAcquire    rtx_mutex.o
    0x000057cc   0x000057cc   0x0000003c   Code   RO         2489    i.osMutexDelete     rtx_mutex.o
    0x00005808   0x00005808   0x0000003c   Code   RO         2492    i.osMutexNew        rtx_mutex.o
    0x00005844   0x00005844   0x0000003c   Code   RO         2493    i.osMutexRelease    rtx_mutex.o
    0x00005880   0x00005880   0x00000020   Code   RO         3392    i.osRtxErrorNotify  rtx_config.o
    0x000058a0   0x000058a0   0x00000004   Code   RO         3393    i.osRtxIdleThread   rtx_config.o
    0x000058a4   0x000058a4   0x0000000c   Code   RO         2781    i.osRtxKernelGetState  rtx_thread.o
    0x000058b0   0x000058b0   0x000000ee   Code   RO         2094    i.osRtxMemoryAlloc  rtx_memory.o
    0x0000599e   0x0000599e   0x0000007c   Code   RO         2095    i.osRtxMemoryFree   rtx_memory.o
    0x00005a1a   0x00005a1a   0x0000006a   Code   RO         2096    i.osRtxMemoryInit   rtx_memory.o
    0x00005a84   0x00005a84   0x0000003a   Code   RO         2154    i.osRtxMemoryPoolAlloc  rtx_mempool.o
    0x00005abe   0x00005abe   0x0000004e   Code   RO         2155    i.osRtxMemoryPoolFree  rtx_mempool.o
    0x00005b0c   0x00005b0c   0x00000058   Code   RO         2156    i.osRtxMemoryPoolInit  rtx_mempool.o
    0x00005b64   0x00005b64   0x00000128   Code   RO         2325    i.osRtxMessageQueuePostProcess  rtx_msgqueue.o
    0x00005c8c   0x00005c8c   0x0000005e   Code   RO         2494    i.osRtxMutexOwnerRelease  rtx_mutex.o
    0x00005cea   0x00005cea   0x00000002   PAD
    0x00005cec   0x00005cec   0x00000084   Code   RO         2721    i.osRtxPendSV_Handler  rtx_system.o
    0x00005d70   0x00005d70   0x0000003c   Code   RO         2722    i.osRtxPostProcess  rtx_system.o
    0x00005dac   0x00005dac   0x00000038   Code   RO         2599    i.osRtxSemaphorePostProcess  rtx_semaphore.o
    0x00005de4   0x00005de4   0x00000040   Code   RO         2782    i.osRtxThreadBlock  rtx_thread.o
    0x00005e24   0x00005e24   0x00000068   Code   RO         2783    i.osRtxThreadDelayInsert  rtx_thread.o
    0x00005e8c   0x00005e8c   0x00000074   Code   RO         2784    i.osRtxThreadDelayRemove  rtx_thread.o
    0x00005f00   0x00005f00   0x000000dc   Code   RO         2785    i.osRtxThreadDelayTick  rtx_thread.o
    0x00005fdc   0x00005fdc   0x00000070   Code   RO         2786    i.osRtxThreadDispatch  rtx_thread.o
    0x0000604c   0x0000604c   0x00000060   Code   RO         2787    i.osRtxThreadFree   rtx_thread.o
    0x000060ac   0x000060ac   0x0000000c   Code   RO         2788    i.osRtxThreadGetRunning  rtx_thread.o
    0x000060b8   0x000060b8   0x0000001c   Code   RO         2789    i.osRtxThreadListGet  rtx_thread.o
    0x000060d4   0x000060d4   0x00000032   Code   RO         2790    i.osRtxThreadListPut  rtx_thread.o
    0x00006106   0x00006106   0x0000001a   Code   RO         2791    i.osRtxThreadListRemove  rtx_thread.o
    0x00006120   0x00006120   0x00000012   Code   RO         2792    i.osRtxThreadListRoot  rtx_thread.o
    0x00006132   0x00006132   0x0000002a   Code   RO         2793    i.osRtxThreadListSort  rtx_thread.o
    0x0000615c   0x0000615c   0x00000040   Code   RO         2795    i.osRtxThreadPostProcess  rtx_thread.o
    0x0000619c   0x0000619c   0x00000018   Code   RO         2796    i.osRtxThreadReadyPut  rtx_thread.o
    0x000061b4   0x000061b4   0x0000000e   Code   RO         2797    i.osRtxThreadRegPtr  rtx_thread.o
    0x000061c2   0x000061c2   0x00000002   PAD
    0x000061c4   0x000061c4   0x0000000c   Code   RO         2798    i.osRtxThreadSetRunning  rtx_thread.o
    0x000061d0   0x000061d0   0x0000002c   Code   RO         2799    i.osRtxThreadStackCheck  rtx_thread.o
    0x000061fc   0x000061fc   0x00000060   Code   RO         2800    i.osRtxThreadStartup  rtx_thread.o
    0x0000625c   0x0000625c   0x0000001c   Code   RO         2801    i.osRtxThreadSwitch  rtx_thread.o
    0x00006278   0x00006278   0x00000054   Code   RO         2802    i.osRtxThreadWaitEnter  rtx_thread.o
    0x000062cc   0x000062cc   0x00000036   Code   RO         2803    i.osRtxThreadWaitExit  rtx_thread.o
    0x00006302   0x00006302   0x00000002   PAD
    0x00006304   0x00006304   0x000000a0   Code   RO         2723    i.osRtxTick_Handler  rtx_system.o
    0x000063a4   0x000063a4   0x00000058   Code   RO         3197    i.osRtxTimerThread  rtx_timer.o
    0x000063fc   0x000063fc   0x0000005c   Code   RO         3198    i.osRtxTimerTick    rtx_timer.o
    0x00006458   0x00006458   0x00000040   Code   RO         2600    i.osSemaphoreAcquire  rtx_semaphore.o
    0x00006498   0x00006498   0x0000004c   Code   RO         2604    i.osSemaphoreNew    rtx_semaphore.o
    0x000064e4   0x000064e4   0x00000038   Code   RO         2605    i.osSemaphoreRelease  rtx_semaphore.o
    0x0000651c   0x0000651c   0x00000020   Code   RO         2806    i.osThreadExit      rtx_thread.o
    0x0000653c   0x0000653c   0x0000004c   Code   RO         2819    i.osThreadNew       rtx_thread.o
    0x00006588   0x00006588   0x00000020   Code   RO         2020    i.os_kernel_is_active  rtx_lib.o
    0x000065a8   0x000065a8   0x00000018   Code   RO          523    i.svcRtxDelay       rtx_delay.o
    0x000065c0   0x000065c0   0x00000018   Code   RO         1821    i.svcRtxKernelGetState  rtx_kernel.o
    0x000065d8   0x000065d8   0x00000264   Code   RO         1826    i.svcRtxKernelInitialize  rtx_kernel.o
    0x0000683c   0x0000683c   0x000000e8   Code   RO         1830    i.svcRtxKernelStart  rtx_kernel.o
    0x00006924   0x00006924   0x00000158   Code   RO         2327    i.svcRtxMessageQueueGet  rtx_msgqueue.o
    0x00006a7c   0x00006a7c   0x00000198   Code   RO         2333    i.svcRtxMessageQueueNew  rtx_msgqueue.o
    0x00006c14   0x00006c14   0x00000140   Code   RO         2334    i.svcRtxMessageQueuePut  rtx_msgqueue.o
    0x00006d54   0x00006d54   0x00000120   Code   RO         2495    i.svcRtxMutexAcquire  rtx_mutex.o
    0x00006e74   0x00006e74   0x00000100   Code   RO         2496    i.svcRtxMutexDelete  rtx_mutex.o
    0x00006f74   0x00006f74   0x000000b0   Code   RO         2499    i.svcRtxMutexNew    rtx_mutex.o
    0x00007024   0x00007024   0x0000011c   Code   RO         2500    i.svcRtxMutexRelease  rtx_mutex.o
    0x00007140   0x00007140   0x00000098   Code   RO         2606    i.svcRtxSemaphoreAcquire  rtx_semaphore.o
    0x000071d8   0x000071d8   0x000000d4   Code   RO         2610    i.svcRtxSemaphoreNew  rtx_semaphore.o
    0x000072ac   0x000072ac   0x0000008a   Code   RO         2611    i.svcRtxSemaphoreRelease  rtx_semaphore.o
    0x00007336   0x00007336   0x00000002   PAD
    0x00007338   0x00007338   0x00000094   Code   RO         2827    i.svcRtxThreadExit  rtx_thread.o
    0x000073cc   0x000073cc   0x00000274   Code   RO         2840    i.svcRtxThreadNew   rtx_thread.o
    0x00007640   0x00007640   0x00000004   Data   RO           51    .constdata          main.o
    0x00007644   0x00007644   0x00000001   Data   RO          510    .constdata          irq_cm3.o
    0x00007645   0x00007645   0x00000003   PAD
    0x00007648   0x00007648   0x00000064   Data   RO         2027    .constdata          rtx_lib.o
    0x000076ac   0x000076ac   0x00000064   Data   RO         3453    .constdata          i2c_lpc17xx.o
    0x00007710   0x00007710   0x0000007c   Data   RO         3644    .constdata          ssp_lpc17xx.o
    0x0000778c   0x0000778c   0x0000027c   Data   RO         3853    .constdata          uart_lpc17xx.o
    0x00007a08   0x00007a08   0x0000000b   Data   RO         1833    .conststrlit        rtx_kernel.o
    0x00007a13   0x00007a13   0x00000001   PAD
    0x00007a14   0x00007a14   0x00000068   Data   RO         2029    .rodata             rtx_lib.o
    0x00007a7c   0x00007a7c   0x00000020   Data   RO         4545    Region$$Table       anon$$obj.o
    0x00007a9c   0x00007a9c   0x00000004   Data   RO           53    .init_array         main.o
    0x00007aa0   0x00007a9c   0x00000000   Data   RO         4368    .init_array         c_w.l(init_aeabi.o)


    Execution Region RW_IRAM1 (Exec base: 0x10000000, Load base: 0x00007aa0, Size: 0x00001b98, Max: 0x00008000, ABSOLUTE, COMPRESSED[0x0000004c])

    Exec Addr    Load Addr    Size         Type   Attr      Idx    E Section Name        Object

    0x10000000   COMPRESSED   0x00001040   Data   RW         2021    .bss.os             rtx_lib.o
    0x10001040   COMPRESSED   0x00000034   Data   RW         2023    .bss.os.msgqueue.cb  rtx_lib.o
    0x10001074   COMPRESSED   0x00000050   Data   RW         2024    .bss.os.msgqueue.mem  rtx_lib.o
    0x100010c4   COMPRESSED   0x00000088   Data   RW         2025    .bss.os.thread.cb   rtx_lib.o
    0x1000114c   COMPRESSED   0x00000004   PAD
    0x10001150   COMPRESSED   0x00000200   Data   RW         2026    .bss.os.thread.stack  rtx_lib.o
    0x10001350   COMPRESSED   0x00000016   Data   RW           52    .data               main.o
    0x10001366   COMPRESSED   0x00000002   PAD
    0x10001368   COMPRESSED   0x00000005   Data   RW         2028    .data               rtx_lib.o
    0x1000136d   COMPRESSED   0x00000001   Data   RW         3327    .data               os_systick.o
    0x1000136e   COMPRESSED   0x00000004   Data   RW         3454    .data               i2c_lpc17xx.o
    0x10001372   COMPRESSED   0x00000002   PAD
    0x10001374   COMPRESSED   0x00000010   Data   RW         3645    .data               ssp_lpc17xx.o
    0x10001384   COMPRESSED   0x00000008   Data   RW         3854    .data               uart_lpc17xx.o
    0x1000138c   COMPRESSED   0x00000008   Data   RW         4113    .data               gpdma_lpc17xx.o
    0x10001394   COMPRESSED   0x00000004   Data   RW         4292    .data               system_lpc17xx.o
    0x10001398   COMPRESSED   0x000000a4   Data   RW         1834    .data.os            rtx_kernel.o
    0x1000143c        -       0x000000a8   Zero   RW           50    .bss                main.o
    0x100014e4        -       0x00000024   Zero   RW         3452    .bss                i2c_lpc17xx.o
    0x10001508        -       0x00000028   Zero   RW         3643    .bss                ssp_lpc17xx.o
    0x10001530        -       0x00000068   Zero   RW         3852    .bss                uart_lpc17xx.o
    0x10001598        -       0x000000a0   Zero   RW         4112    .bss                gpdma_lpc17xx.o
    0x10001638        -       0x00000060   Zero   RW         4474    .bss                c_w.l(libspace.o)
    0x10001698        -       0x00000200   Zero   RW         4278    HEAP                startup_lpc17xx.o
    0x10001898        -       0x00000300   Zero   RW         4277    STACK               startup_lpc17xx.o


==============================================================================

Image component sizes


      Code (inc. data)   RO Data    RW Data    ZI Data      Debug   Object Name

      1204         94          0          8        160       8074   gpdma_lpc17xx.o
        96          8          0          0          0       1202   gpio_lpc17xx.o
      2924        132        100          4         36      51992   i2c_lpc17xx.o
       148         10          1          0          0        548   irq_cm3.o
       136          6          0          0          0       1360   itm_arm.o
      1248        256          8         22        168      84446   main.o
       142         24          0          1          0       2308   os_systick.o
       284         10          0          0          0       1464   pin_lpc17xx.o
        36          6          0          0          0        909   rtx_config.o
       124          4          0          0          0      40949   rtx_delay.o
       130          0          0          0          0      35331   rtx_evr.o
      1076         42         11        164          0      22241   rtx_kernel.o
       126          4        204       4945          0      11771   rtx_lib.o
       478          0          0          0          0       3999   rtx_memory.o
       564          0          0          0          0       3827   rtx_mempool.o
      2462         34          0          0          0      21324   rtx_msgqueue.o
      1386         38          0          0          0      11644   rtx_mutex.o
      1388         32          0          0          0      14227   rtx_semaphore.o
       804         40          0          0          0       9513   rtx_system.o
      2670        126          0          0          0      26682   rtx_thread.o
       268         28          0          0          0       3167   rtx_timer.o
      3896        106        124         16         40      56883   ssp_lpc17xx.o
        68         30        204          0       1280        948   startup_lpc17xx.o
       744         34          0          4          0       1279   system_lpc17xx.o
      6144        240        636          8        104      47312   uart_lpc17xx.o

    ----------------------------------------------------------------------
     28576       1304       1324       5180       1788     463400   Object Totals
         0          0         32          0          0          0   (incl. Generated)
        30          0          4          8          0          0   (incl. Padding)

    ----------------------------------------------------------------------

      Code (inc. data)   RO Data    RW Data    ZI Data      Debug   Library Member Name

        58          0          0          0          0          0   __dczerorl.o
         8          0          0          0          0         68   __main.o
       104          0          0          0          0         84   __printf.o
         0          0          0          0          0          0   __rtentry.o
        20          0          0          0          0          0   __rtentry2.o
         6          0          0          0          0          0   __rtentry4.o
        52          8          0          0          0          0   __scatter.o
        28          0          0          0          0          0   __scatter_zi.o
        48          6          0          0          0         96   _printf_char_common.o
         6          0          0          0          0          0   _printf_d.o
       120         16          0          0          0         92   _printf_dec.o
       178          0          0          0          0         88   _printf_intcommon.o
         0          0          0          0          0          0   _printf_percent.o
         4          0          0          0          0          0   _printf_percent_end.o
        10          0          0          0          0         68   _sputc.o
        18          0          0          0          0         80   exit.o
         6          0          0          0          0        152   heapauxi.o
         0          0          0          0          0          0   indicate_semi.o
        36         10          0          0          0         80   init_aeabi.o
         2          0          0          0          0          0   libinit.o
         6          0          0          0          0          0   libinit2.o
         2          0          0          0          0          0   libshutdown.o
         2          0          0          0          0          0   libshutdown2.o
         8          4          0          0         96         68   libspace.o
       238          0          0          0          0        100   lludivv7m.o
        40          6          0          0          0         84   noretval__2sprintf.o
        68          0          0          0          0         68   rt_memclr.o
        78          0          0          0          0         80   rt_memclr_w.o
       138          0          0          0          0         68   rt_memcpy_v6.o
       100          0          0          0          0         80   rt_memcpy_w.o
         2          0          0          0          0          0   rtexit.o
        10          0          0          0          0          0   rtexit2.o
        12          4          0          0          0         68   sys_exit.o
        74          0          0          0          0         80   sys_stackheap_outer.o
         2          0          0          0          0         68   use_no_semi.o

    ----------------------------------------------------------------------
      1492         54          0          0         96       1572   Library Totals
         8          0          0          0          0          0   (incl. Padding)

    ----------------------------------------------------------------------

      Code (inc. data)   RO Data    RW Data    ZI Data      Debug   Library Name

      1484         54          0          0         96       1572   c_w.l

    ----------------------------------------------------------------------
      1492         54          0          0         96       1572   Library Totals

    ----------------------------------------------------------------------

==============================================================================


      Code (inc. data)   RO Data    RW Data    ZI Data      Debug   

     30068       1358       1324       5180       1884     447496   Grand Totals
     30068       1358       1324         76       1884     447496   ELF Image Totals (compressed)
     30068       1358       1324         76          0          0   ROM Totals

==============================================================================

    Total RO  Size (Code + RO Data)                31392 (  30.66kB)
    Total RW  Size (RW Data + ZI Data)              7064 (   6.90kB)
    Total ROM Size (Code + RO Data + RW Data)      31468 (  30.73kB)

==============================================================================

